Archive member included to satisfy reference by file (symbol)

c:/ac6/systemworkbench/plugins/fr.ac6.mcu.externaltools.arm-none.win32_1.17.0.201812190825/tools/compiler/bin/../lib/gcc/arm-none-eabi/7.3.1/thumb/v7e-m/fpv4-sp/hard\libgcc.a(_arm_addsubdf3.o)
                              src/tm_stm32f4_pwm.o (__aeabi_ui2d)
c:/ac6/systemworkbench/plugins/fr.ac6.mcu.externaltools.arm-none.win32_1.17.0.201812190825/tools/compiler/bin/../lib/gcc/arm-none-eabi/7.3.1/thumb/v7e-m/fpv4-sp/hard\libgcc.a(_arm_muldivdf3.o)
                              src/tm_stm32f4_pwm.o (__aeabi_ddiv)
c:/ac6/systemworkbench/plugins/fr.ac6.mcu.externaltools.arm-none.win32_1.17.0.201812190825/tools/compiler/bin/../lib/gcc/arm-none-eabi/7.3.1/thumb/v7e-m/fpv4-sp/hard\libgcc.a(_arm_cmpdf2.o)
                              src/tm_stm32f4_pwm.o (__aeabi_dcmpeq)
c:/ac6/systemworkbench/plugins/fr.ac6.mcu.externaltools.arm-none.win32_1.17.0.201812190825/tools/compiler/bin/../lib/gcc/arm-none-eabi/7.3.1/thumb/v7e-m/fpv4-sp/hard\libgcc.a(_arm_fixunsdfsi.o)
                              src/tm_stm32f4_pwm.o (__aeabi_d2uiz)
c:/ac6/systemworkbench/plugins/fr.ac6.mcu.externaltools.arm-none.win32_1.17.0.201812190825/tools/compiler/bin/../lib/gcc/arm-none-eabi/7.3.1/../../../../arm-none-eabi/lib/thumb/v7e-m/fpv4-sp/hard\libc.a(lib_a-errno.o)
                              src/syscalls.o (__errno)
c:/ac6/systemworkbench/plugins/fr.ac6.mcu.externaltools.arm-none.win32_1.17.0.201812190825/tools/compiler/bin/../lib/gcc/arm-none-eabi/7.3.1/../../../../arm-none-eabi/lib/thumb/v7e-m/fpv4-sp/hard\libc.a(lib_a-exit.o)
                              c:/ac6/systemworkbench/plugins/fr.ac6.mcu.externaltools.arm-none.win32_1.17.0.201812190825/tools/compiler/bin/../lib/gcc/arm-none-eabi/7.3.1/../../../../arm-none-eabi/lib/thumb/v7e-m/fpv4-sp/hard/crt0.o (exit)
c:/ac6/systemworkbench/plugins/fr.ac6.mcu.externaltools.arm-none.win32_1.17.0.201812190825/tools/compiler/bin/../lib/gcc/arm-none-eabi/7.3.1/../../../../arm-none-eabi/lib/thumb/v7e-m/fpv4-sp/hard\libc.a(lib_a-impure.o)
                              c:/ac6/systemworkbench/plugins/fr.ac6.mcu.externaltools.arm-none.win32_1.17.0.201812190825/tools/compiler/bin/../lib/gcc/arm-none-eabi/7.3.1/../../../../arm-none-eabi/lib/thumb/v7e-m/fpv4-sp/hard\libc.a(lib_a-exit.o) (_global_impure_ptr)
c:/ac6/systemworkbench/plugins/fr.ac6.mcu.externaltools.arm-none.win32_1.17.0.201812190825/tools/compiler/bin/../lib/gcc/arm-none-eabi/7.3.1/../../../../arm-none-eabi/lib/thumb/v7e-m/fpv4-sp/hard\libc.a(lib_a-init.o)
                              c:/ac6/systemworkbench/plugins/fr.ac6.mcu.externaltools.arm-none.win32_1.17.0.201812190825/tools/compiler/bin/../lib/gcc/arm-none-eabi/7.3.1/../../../../arm-none-eabi/lib/thumb/v7e-m/fpv4-sp/hard/crt0.o (__libc_init_array)
c:/ac6/systemworkbench/plugins/fr.ac6.mcu.externaltools.arm-none.win32_1.17.0.201812190825/tools/compiler/bin/../lib/gcc/arm-none-eabi/7.3.1/../../../../arm-none-eabi/lib/thumb/v7e-m/fpv4-sp/hard\libc.a(lib_a-malloc.o)
                              src/tm_stm32f4_delay.o (malloc)
c:/ac6/systemworkbench/plugins/fr.ac6.mcu.externaltools.arm-none.win32_1.17.0.201812190825/tools/compiler/bin/../lib/gcc/arm-none-eabi/7.3.1/../../../../arm-none-eabi/lib/thumb/v7e-m/fpv4-sp/hard\libc.a(lib_a-mallocr.o)
                              c:/ac6/systemworkbench/plugins/fr.ac6.mcu.externaltools.arm-none.win32_1.17.0.201812190825/tools/compiler/bin/../lib/gcc/arm-none-eabi/7.3.1/../../../../arm-none-eabi/lib/thumb/v7e-m/fpv4-sp/hard\libc.a(lib_a-malloc.o) (_malloc_r)
c:/ac6/systemworkbench/plugins/fr.ac6.mcu.externaltools.arm-none.win32_1.17.0.201812190825/tools/compiler/bin/../lib/gcc/arm-none-eabi/7.3.1/../../../../arm-none-eabi/lib/thumb/v7e-m/fpv4-sp/hard\libc.a(lib_a-memset.o)
                              c:/ac6/systemworkbench/plugins/fr.ac6.mcu.externaltools.arm-none.win32_1.17.0.201812190825/tools/compiler/bin/../lib/gcc/arm-none-eabi/7.3.1/../../../../arm-none-eabi/lib/thumb/v7e-m/fpv4-sp/hard/crt0.o (memset)
c:/ac6/systemworkbench/plugins/fr.ac6.mcu.externaltools.arm-none.win32_1.17.0.201812190825/tools/compiler/bin/../lib/gcc/arm-none-eabi/7.3.1/../../../../arm-none-eabi/lib/thumb/v7e-m/fpv4-sp/hard\libc.a(lib_a-mlock.o)
                              c:/ac6/systemworkbench/plugins/fr.ac6.mcu.externaltools.arm-none.win32_1.17.0.201812190825/tools/compiler/bin/../lib/gcc/arm-none-eabi/7.3.1/../../../../arm-none-eabi/lib/thumb/v7e-m/fpv4-sp/hard\libc.a(lib_a-mallocr.o) (__malloc_lock)
c:/ac6/systemworkbench/plugins/fr.ac6.mcu.externaltools.arm-none.win32_1.17.0.201812190825/tools/compiler/bin/../lib/gcc/arm-none-eabi/7.3.1/../../../../arm-none-eabi/lib/thumb/v7e-m/fpv4-sp/hard\libc.a(lib_a-sbrkr.o)
                              c:/ac6/systemworkbench/plugins/fr.ac6.mcu.externaltools.arm-none.win32_1.17.0.201812190825/tools/compiler/bin/../lib/gcc/arm-none-eabi/7.3.1/../../../../arm-none-eabi/lib/thumb/v7e-m/fpv4-sp/hard\libc.a(lib_a-mallocr.o) (_sbrk_r)
[...]
Memory Configuration

Name             Origin             Length             Attributes
RAM              0x20000000         0x00020000         xrw
ROM              0x08000000         0x00100000         xr
*default*        0x00000000         0xffffffff

Linker script and memory map

LOAD c:/ac6/systemworkbench/plugins/fr.ac6.mcu.externaltools.arm-none.win32_1.17.0.201812190825/tools/compiler/bin/../lib/gcc/arm-none-eabi/7.3.1/thumb/v7e-m/fpv4-sp/hard/crti.o
LOAD c:/ac6/systemworkbench/plugins/fr.ac6.mcu.externaltools.arm-none.win32_1.17.0.201812190825/tools/compiler/bin/../lib/gcc/arm-none-eabi/7.3.1/thumb/v7e-m/fpv4-sp/hard/crtbegin.o
LOAD c:/ac6/systemworkbench/plugins/fr.ac6.mcu.externaltools.arm-none.win32_1.17.0.201812190825/tools/compiler/bin/../lib/gcc/arm-none-eabi/7.3.1/../../../../arm-none-eabi/lib/thumb/v7e-m/fpv4-sp/hard/crt0.o
LOAD StdPeriph_Driver/src/misc.o
LOAD StdPeriph_Driver/src/stm32f4xx_adc.o
LOAD StdPeriph_Driver/src/stm32f4xx_can.o
LOAD StdPeriph_Driver/src/stm32f4xx_cec.o
LOAD StdPeriph_Driver/src/stm32f4xx_crc.o
LOAD StdPeriph_Driver/src/stm32f4xx_cryp.o
LOAD StdPeriph_Driver/src/stm32f4xx_cryp_aes.o
LOAD StdPeriph_Driver/src/stm32f4xx_cryp_des.o
LOAD StdPeriph_Driver/src/stm32f4xx_cryp_tdes.o
LOAD StdPeriph_Driver/src/stm32f4xx_dac.o
LOAD StdPeriph_Driver/src/stm32f4xx_dbgmcu.o
LOAD StdPeriph_Driver/src/stm32f4xx_dcmi.o
LOAD StdPeriph_Driver/src/stm32f4xx_dfsdm.o
LOAD StdPeriph_Driver/src/stm32f4xx_dma.o
LOAD StdPeriph_Driver/src/stm32f4xx_dma2d.o
LOAD StdPeriph_Driver/src/stm32f4xx_dsi.o
LOAD StdPeriph_Driver/src/stm32f4xx_exti.o
LOAD StdPeriph_Driver/src/stm32f4xx_flash.o
LOAD StdPeriph_Driver/src/stm32f4xx_flash_ramfunc.o
LOAD StdPeriph_Driver/src/stm32f4xx_fmc.o
LOAD StdPeriph_Driver/src/stm32f4xx_fmip2c.o
LOAD StdPeriph_Driver/src/stm32f4xx_fsmc.o
LOAD StdPeriph_Driver/src/stm32f4xx_gpio.o
LOAD StdPeriph_Driver/src/stm32f4xx_hash.o
LOAD StdPeriph_Driver/src/stm32f4xx_hash_md5.o
LOAD StdPeriph_Driver/src/stm32f4xx_hash_sha1.o
LOAD StdPeriph_Driver/src/stm32f4xx_i2c.o
LOAD StdPeriph_Driver/src/stm32f4xx_iwdg.o
LOAD StdPeriph_Driver/src/stm32f4xx_lptim.o
LOAD StdPeriph_Driver/src/stm32f4xx_ltdc.o
LOAD StdPeriph_Driver/src/stm32f4xx_pwr.o
LOAD StdPeriph_Driver/src/stm32f4xx_qspi.o
LOAD StdPeriph_Driver/src/stm32f4xx_rcc.o
LOAD StdPeriph_Driver/src/stm32f4xx_rng.o
LOAD StdPeriph_Driver/src/stm32f4xx_rtc.o
LOAD StdPeriph_Driver/src/stm32f4xx_sai.o
LOAD StdPeriph_Driver/src/stm32f4xx_sdio.o
LOAD StdPeriph_Driver/src/stm32f4xx_spdifrx.o
LOAD StdPeriph_Driver/src/stm32f4xx_spi.o
LOAD StdPeriph_Driver/src/stm32f4xx_syscfg.o
LOAD StdPeriph_Driver/src/stm32f4xx_tim.o
LOAD StdPeriph_Driver/src/stm32f4xx_usart.o
LOAD StdPeriph_Driver/src/stm32f4xx_wwdg.o
LOAD src/main.o
LOAD src/syscalls.o
LOAD src/system_stm32f4xx.o
LOAD src/tm_stm32f4_dac.o
LOAD src/tm_stm32f4_delay.o
LOAD src/tm_stm32f4_gpio.o
LOAD src/tm_stm32f4_nrf24l01.o
LOAD src/tm_stm32f4_pwm.o
LOAD src/tm_stm32f4_spi.o
LOAD src/tm_stm32f4_timer_properties.o
LOAD src/tm_stm32f4_usart.o
LOAD startup/startup_stm32.o
LOAD c:/ac6/systemworkbench/plugins/fr.ac6.mcu.externaltools.arm-none.win32_1.17.0.201812190825/tools/compiler/bin/../lib/gcc/arm-none-eabi/7.3.1/../../../../arm-none-eabi/lib/thumb/v7e-m/fpv4-sp/hard\libm.a
START GROUP
LOAD c:/ac6/systemworkbench/plugins/fr.ac6.mcu.externaltools.arm-none.win32_1.17.0.201812190825/tools/compiler/bin/../lib/gcc/arm-none-eabi/7.3.1/thumb/v7e-m/fpv4-sp/hard\libgcc.a
LOAD c:/ac6/systemworkbench/plugins/fr.ac6.mcu.externaltools.arm-none.win32_1.17.0.201812190825/tools/compiler/bin/../lib/gcc/arm-none-eabi/7.3.1/../../../../arm-none-eabi/lib/thumb/v7e-m/fpv4-sp/hard\libc.a
END GROUP
LOAD c:/ac6/systemworkbench/plugins/fr.ac6.mcu.externaltools.arm-none.win32_1.17.0.201812190825/tools/compiler/bin/../lib/gcc/arm-none-eabi/7.3.1/thumb/v7e-m/fpv4-sp/hard/crtend.o
LOAD c:/ac6/systemworkbench/plugins/fr.ac6.mcu.externaltools.arm-none.win32_1.17.0.201812190825/tools/compiler/bin/../lib/gcc/arm-none-eabi/7.3.1/thumb/v7e-m/fpv4-sp/hard/crtn.o
                0x20020000                _estack = 0x20020000
                0x00000000                _Min_Heap_Size = 0x0
                0x00000400                _Min_Stack_Size = 0x400

.isr_vector     0x08000000      0x1a8
                0x08000000                . = ALIGN (0x4)
 *(.isr_vector)
 .isr_vector    0x08000000      0x1a8 startup/startup_stm32.o
                0x08000000                g_pfnVectors
                0x080001a8                . = ALIGN (0x4)

.text           0x080001c0     0x92a8
                0x080001c0                . = ALIGN (0x4)
 *(.text)
 .text          0x080001c0       0x40 c:/ac6/systemworkbench/plugins/fr.ac6.mcu.externaltools.arm-none.win32_1.17.0.201812190825/tools/compiler/bin/../lib/gcc/arm-none-eabi/7.3.1/thumb/v7e-m/fpv4-sp/hard/crtbegin.o
 .text          0x08000200      0x378 c:/ac6/systemworkbench/plugins/fr.ac6.mcu.externaltools.arm-none.win32_1.17.0.201812190825/tools/compiler/bin/../lib/gcc/arm-none-eabi/7.3.1/thumb/v7e-m/fpv4-sp/hard\libgcc.a(_arm_addsubdf3.o)
                0x08000200                __aeabi_drsub
                0x08000208                __aeabi_dsub
                0x08000208                __subdf3
                0x0800020c                __aeabi_dadd
                0x0800020c                __adddf3
                0x08000484                __floatunsidf
                0x08000484                __aeabi_ui2d
                0x080004a4                __floatsidf
                0x080004a4                __aeabi_i2d
                0x080004c8                __aeabi_f2d
                0x080004c8                __extendsfdf2
                0x0800050c                __floatundidf
                0x0800050c                __aeabi_ul2d
                0x0800051c                __floatdidf
                0x0800051c                __aeabi_l2d
 .text          0x08000578      0x424 c:/ac6/systemworkbench/plugins/fr.ac6.mcu.externaltools.arm-none.win32_1.17.0.201812190825/tools/compiler/bin/../lib/gcc/arm-none-eabi/7.3.1/thumb/v7e-m/fpv4-sp/hard\libgcc.a(_arm_muldivdf3.o)
                0x08000578                __aeabi_dmul
                0x08000578                __muldf3
                0x080007cc                __divdf3
                0x080007cc                __aeabi_ddiv
 .text          0x0800099c      0x110 c:/ac6/systemworkbench/plugins/fr.ac6.mcu.externaltools.arm-none.win32_1.17.0.201812190825/tools/compiler/bin/../lib/gcc/arm-none-eabi/7.3.1/thumb/v7e-m/fpv4-sp/hard\libgcc.a(_arm_cmpdf2.o)
                0x0800099c                __gtdf2
                0x0800099c                __gedf2
                0x080009a4                __ltdf2
                0x080009a4                __ledf2
                0x080009ac                __nedf2
                0x080009ac                __eqdf2
                0x080009ac                __cmpdf2
                0x08000a28                __aeabi_cdrcmple
                0x08000a38                __aeabi_cdcmpeq
                0x08000a38                __aeabi_cdcmple
                0x08000a48                __aeabi_dcmpeq
                0x08000a5c                __aeabi_dcmplt
                0x08000a70                __aeabi_dcmple
                0x08000a84                __aeabi_dcmpge
                0x08000a98                __aeabi_dcmpgt
 .text          0x08000aac       0x40 c:/ac6/systemworkbench/plugins/fr.ac6.mcu.externaltools.arm-none.win32_1.17.0.201812190825/tools/compiler/bin/../lib/gcc/arm-none-eabi/7.3.1/thumb/v7e-m/fpv4-sp/hard\libgcc.a(_arm_fixunsdfsi.o)
                0x08000aac                __aeabi_d2uiz
                0x08000aac                __fixunsdfsi
 *fill*         0x08000aec        0x4 
 .text          0x08000af0       0xa0 c:/ac6/systemworkbench/plugins/fr.ac6.mcu.externaltools.arm-none.win32_1.17.0.201812190825/tools/compiler/bin/../lib/gcc/arm-none-eabi/7.3.1/../../../../arm-none-eabi/lib/thumb/v7e-m/fpv4-sp/hard\libc.a(lib_a-memchr.o)
                0x08000af0                memchr
 .text          0x08000b90      0x134 c:/ac6/systemworkbench/plugins/fr.ac6.mcu.externaltools.arm-none.win32_1.17.0.201812190825/tools/compiler/bin/../lib/gcc/arm-none-eabi/7.3.1/../../../../arm-none-eabi/lib/thumb/v7e-m/fpv4-sp/hard\libc.a(lib_a-memcpy.o)
                0x08000b90                memcpy
 *fill*         0x08000cc4       0x3c 
 .text          0x08000d00       0xdc c:/ac6/systemworkbench/plugins/fr.ac6.mcu.externaltools.arm-none.win32_1.17.0.201812190825/tools/compiler/bin/../lib/gcc/arm-none-eabi/7.3.1/../../../../arm-none-eabi/lib/thumb/v7e-m/fpv4-sp/hard\libc.a(lib_a-strlen.o)
                0x08000d00                strlen
 .text          0x08000ddc       0x2c c:/ac6/systemworkbench/plugins/fr.ac6.mcu.externaltools.arm-none.win32_1.17.0.201812190825/tools/compiler/bin/../lib/gcc/arm-none-eabi/7.3.1/thumb/v7e-m/fpv4-sp/hard\libgcc.a(_arm_unorddf2.o)
                0x08000ddc                __unorddf2
                0x08000ddc                __aeabi_dcmpun
 .text          0x08000e08       0x50 c:/ac6/systemworkbench/plugins/fr.ac6.mcu.externaltools.arm-none.win32_1.17.0.201812190825/tools/compiler/bin/../lib/gcc/arm-none-eabi/7.3.1/thumb/v7e-m/fpv4-sp/hard\libgcc.a(_arm_fixdfsi.o)
                0x08000e08                __aeabi_d2iz
                0x08000e08                __fixdfsi
 .text          0x08000e58       0x30 c:/ac6/systemworkbench/plugins/fr.ac6.mcu.externaltools.arm-none.win32_1.17.0.201812190825/tools/compiler/bin/../lib/gcc/arm-none-eabi/7.3.1/thumb/v7e-m/fpv4-sp/hard\libgcc.a(_aeabi_uldivmod.o)
                0x08000e58                __aeabi_uldivmod
 .text          0x08000e88      0x2cc c:/ac6/systemworkbench/plugins/fr.ac6.mcu.externaltools.arm-none.win32_1.17.0.201812190825/tools/compiler/bin/../lib/gcc/arm-none-eabi/7.3.1/thumb/v7e-m/fpv4-sp/hard\libgcc.a(_udivmoddi4.o)
                0x08000e88                __udivmoddi4
 .text          0x08001154        0x4 c:/ac6/systemworkbench/plugins/fr.ac6.mcu.externaltools.arm-none.win32_1.17.0.201812190825/tools/compiler/bin/../lib/gcc/arm-none-eabi/7.3.1/thumb/v7e-m/fpv4-sp/hard\libgcc.a(_dvmd_tls.o)
                0x08001154                __aeabi_idiv0
                0x08001154                __aeabi_ldiv0
 *(.text*)
 .text.NVIC_Init
                0x08001158       0xc4 StdPeriph_Driver/src/misc.o
                0x08001158                NVIC_Init
 .text.DAC_Init
                0x0800121c       0x68 StdPeriph_Driver/src/stm32f4xx_dac.o
                0x0800121c                DAC_Init
 .text.GPIO_Init
                0x08001284      0x11c StdPeriph_Driver/src/stm32f4xx_gpio.o
                0x08001284                GPIO_Init
 .text.GPIO_SetBits
                0x080013a0       0x1e StdPeriph_Driver/src/stm32f4xx_gpio.o
                0x080013a0                GPIO_SetBits
 .text.GPIO_ResetBits
                0x080013be       0x1e StdPeriph_Driver/src/stm32f4xx_gpio.o
                0x080013be                GPIO_ResetBits
 .text.GPIO_WriteBit
                0x080013dc       0x30 StdPeriph_Driver/src/stm32f4xx_gpio.o
                0x080013dc                GPIO_WriteBit
 .text.RCC_GetClocksFreq
                0x0800140c      0x150 StdPeriph_Driver/src/stm32f4xx_rcc.o
                0x0800140c                RCC_GetClocksFreq
 .text.RCC_AHB1PeriphClockCmd
                0x0800155c       0x40 StdPeriph_Driver/src/stm32f4xx_rcc.o
                0x0800155c                RCC_AHB1PeriphClockCmd
 .text.RCC_APB1PeriphResetCmd
                0x0800159c       0x40 StdPeriph_Driver/src/stm32f4xx_rcc.o
                0x0800159c                RCC_APB1PeriphResetCmd
 .text.RCC_APB2PeriphResetCmd
                0x080015dc       0x40 StdPeriph_Driver/src/stm32f4xx_rcc.o
                0x080015dc                RCC_APB2PeriphResetCmd
 .text.SPI_Init
                0x0800161c       0x88 StdPeriph_Driver/src/stm32f4xx_spi.o
                0x0800161c                SPI_Init
 .text.SPI_StructInit
                0x080016a4       0x4a StdPeriph_Driver/src/stm32f4xx_spi.o
                0x080016a4                SPI_StructInit
 *fill*         0x080016ee        0x2 
 .text.TIM_TimeBaseInit
                0x080016f0       0xd8 StdPeriph_Driver/src/stm32f4xx_tim.o
                0x080016f0                TIM_TimeBaseInit
 .text.TIM_ARRPreloadConfig
                0x080017c8       0x40 StdPeriph_Driver/src/stm32f4xx_tim.o
                0x080017c8                TIM_ARRPreloadConfig
 .text.TIM_Cmd  0x08001808       0x40 StdPeriph_Driver/src/stm32f4xx_tim.o
                0x08001808                TIM_Cmd
 .text.TIM_OC1Init
                0x08001848       0xf4 StdPeriph_Driver/src/stm32f4xx_tim.o
                0x08001848                TIM_OC1Init
 .text.TIM_OC2Init
                0x0800193c      0x110 StdPeriph_Driver/src/stm32f4xx_tim.o
                0x0800193c                TIM_OC2Init
 .text.TIM_OC3Init
                0x08001a4c      0x10c StdPeriph_Driver/src/stm32f4xx_tim.o
                0x08001a4c                TIM_OC3Init
 .text.TIM_OC4Init
                0x08001b58       0xd0 StdPeriph_Driver/src/stm32f4xx_tim.o
                0x08001b58                TIM_OC4Init
 .text.TIM_OC1PreloadConfig
                0x08001c28       0x38 StdPeriph_Driver/src/stm32f4xx_tim.o
                0x08001c28                TIM_OC1PreloadConfig
 .text.TIM_OC2PreloadConfig
                0x08001c60       0x3c StdPeriph_Driver/src/stm32f4xx_tim.o
                0x08001c60                TIM_OC2PreloadConfig
 .text.TIM_OC3PreloadConfig
                0x08001c9c       0x38 StdPeriph_Driver/src/stm32f4xx_tim.o
                0x08001c9c                TIM_OC3PreloadConfig
 .text.TIM_OC4PreloadConfig
                0x08001cd4       0x3c StdPeriph_Driver/src/stm32f4xx_tim.o
                0x08001cd4                TIM_OC4PreloadConfig
 .text.TIM_CtrlPWMOutputs
                0x08001d10       0x4c StdPeriph_Driver/src/stm32f4xx_tim.o
                0x08001d10                TIM_CtrlPWMOutputs
 .text.TIM_ITConfig
                0x08001d5c       0x48 StdPeriph_Driver/src/stm32f4xx_tim.o
                0x08001d5c                TIM_ITConfig
 .text.TIM_ClearFlag
                0x08001da4       0x22 StdPeriph_Driver/src/stm32f4xx_tim.o
                0x08001da4                TIM_ClearFlag
 .text.TIM_GetITStatus
                0x08001dc6       0x54 StdPeriph_Driver/src/stm32f4xx_tim.o
                0x08001dc6                TIM_GetITStatus
 .text.TIM_ClearITPendingBit
                0x08001e1a       0x22 StdPeriph_Driver/src/stm32f4xx_tim.o
                0x08001e1a                TIM_ClearITPendingBit
 .text.USART_DeInit
                0x08001e3c      0x118 StdPeriph_Driver/src/stm32f4xx_usart.o
                0x08001e3c                USART_DeInit
 .text.USART_Init
                0x08001f54      0x174 StdPeriph_Driver/src/stm32f4xx_usart.o
                0x08001f54                USART_Init
 .text.PPM_Modulation
                0x080020c8       0xc0 src/main.o
                0x080020c8                PPM_Modulation
 .text.TIM2_IRQHandler
                0x08002188       0x26 src/main.o
                0x08002188                TIM2_IRQHandler
 *fill*         0x080021ae        0x2 
 .text.InitializeGPIOs
                0x080021b0       0x40 src/main.o
                0x080021b0                InitializeGPIOs
 .text.InitializeTimer
                0x080021f0       0xa8 src/main.o
                0x080021f0                InitializeTimer
 .text.PPM_initialization
                0x08002298       0x4c src/main.o
                0x08002298                PPM_initialization
 .text.RF_initialization
                0x080022e4       0x3c src/main.o
                0x080022e4                RF_initialization
 .text.Gimbal_initialization
                0x08002320       0x60 src/main.o
                0x08002320                Gimbal_initialization
 .text.main     0x08002380      0x180 src/main.o
                0x08002380                main
 .text._sbrk    0x08002500       0x58 src/syscalls.o
                0x08002500                _sbrk
 .text.SystemInit
                0x08002558       0x6c src/system_stm32f4xx.o
                0x08002558                SystemInit
 .text.SetSysClock
                0x080025c4       0xf8 src/system_stm32f4xx.o
 .text.TM_DAC_Init
                0x080026bc       0x94 src/tm_stm32f4_dac.o
                0x080026bc                TM_DAC_Init
 .text.TM_DAC_SetValue
                0x08002750       0x44 src/tm_stm32f4_dac.o
                0x08002750                TM_DAC_SetValue
 .text.SysTick_Handler
                0x08002794       0xf0 src/tm_stm32f4_delay.o
                0x08002794                SysTick_Handler
 .text.TM_GPIO_Init
                0x08002884       0x46 src/tm_stm32f4_gpio.o
                0x08002884                TM_GPIO_Init
 .text.TM_GPIO_InitAlternate
                0x080028ca       0xa8 src/tm_stm32f4_gpio.o
                0x080028ca                TM_GPIO_InitAlternate
 .text.TM_GPIO_GetPortSource
                0x08002972       0x22 src/tm_stm32f4_gpio.o
                0x08002972                TM_GPIO_GetPortSource
 .text.TM_GPIO_INT_EnableClock
                0x08002994       0x30 src/tm_stm32f4_gpio.o
                0x08002994                TM_GPIO_INT_EnableClock
 .text.TM_GPIO_INT_Init
                0x080029c4      0x10c src/tm_stm32f4_gpio.o
                0x080029c4                TM_GPIO_INT_Init
 .text.TM_SPI_Send
                0x08002ad0       0x76 src/tm_stm32f4_nrf24l01.o
 *fill*         0x08002b46        0x2 
 .text.TM_NRF24L01_InitPins
                0x08002b48       0x4c src/tm_stm32f4_nrf24l01.o
                0x08002b48                TM_NRF24L01_InitPins
 .text.TM_NRF24L01_Init
                0x08002b94      0x128 src/tm_stm32f4_nrf24l01.o
                0x08002b94                TM_NRF24L01_Init
 .text.TM_NRF24L01_SetMyAddress
                0x08002cbc       0x30 src/tm_stm32f4_nrf24l01.o
                0x08002cbc                TM_NRF24L01_SetMyAddress
 .text.TM_NRF24L01_SetTxAddress
                0x08002cec       0x24 src/tm_stm32f4_nrf24l01.o
                0x08002cec                TM_NRF24L01_SetTxAddress
 .text.TM_NRF24L01_ReadRegister
                0x08002d10       0x48 src/tm_stm32f4_nrf24l01.o
                0x08002d10                TM_NRF24L01_ReadRegister
 .text.TM_NRF24L01_WriteRegister
                0x08002d58       0x50 src/tm_stm32f4_nrf24l01.o
                0x08002d58                TM_NRF24L01_WriteRegister
 .text.TM_NRF24L01_WriteRegisterMulti
                0x08002da8       0x54 src/tm_stm32f4_nrf24l01.o
                0x08002da8                TM_NRF24L01_WriteRegisterMulti
 .text.TM_NRF24L01_PowerUpRx
                0x08002dfc       0x48 src/tm_stm32f4_nrf24l01.o
                0x08002dfc                TM_NRF24L01_PowerUpRx
 .text.TM_NRF24L01_GetData
                0x08002e44       0x4c src/tm_stm32f4_nrf24l01.o
                0x08002e44                TM_NRF24L01_GetData
 .text.TM_NRF24L01_DataReady
                0x08002e90       0x34 src/tm_stm32f4_nrf24l01.o
                0x08002e90                TM_NRF24L01_DataReady
 .text.TM_NRF24L01_RxFifoEmpty
                0x08002ec4       0x20 src/tm_stm32f4_nrf24l01.o
                0x08002ec4                TM_NRF24L01_RxFifoEmpty
 .text.TM_NRF24L01_GetStatus
                0x08002ee4       0x34 src/tm_stm32f4_nrf24l01.o
                0x08002ee4                TM_NRF24L01_GetStatus
 .text.TM_NRF24L01_SoftwareReset
                0x08002f18      0x126 src/tm_stm32f4_nrf24l01.o
                0x08002f18                TM_NRF24L01_SoftwareReset
 *fill*         0x0800303e        0x2 
 .text.TM_NRF24L01_SetChannel
                0x08003040       0x38 src/tm_stm32f4_nrf24l01.o
                0x08003040                TM_NRF24L01_SetChannel
 .text.TM_NRF24L01_SetRF
                0x08003078       0x84 src/tm_stm32f4_nrf24l01.o
                0x08003078                TM_NRF24L01_SetRF
 *fill*         0x080030fc        0x4 
 .text.TM_PWM_InitTimer
                0x08003100      0x150 src/tm_stm32f4_pwm.o
                0x08003100                TM_PWM_InitTimer
 .text.TM_PWM_InitChannel
                0x08003250      0x180 src/tm_stm32f4_pwm.o
                0x08003250                TM_PWM_InitChannel
 .text.TM_PWM_SetChannel
                0x080033d0      0x1ac src/tm_stm32f4_pwm.o
                0x080033d0                TM_PWM_SetChannel
 .text.TM_PWM_INT_InitTIM1Pins
                0x0800357c      0x17c src/tm_stm32f4_pwm.o
                0x0800357c                TM_PWM_INT_InitTIM1Pins
 .text.TM_PWM_INT_InitTIM2Pins
                0x080036f8      0x190 src/tm_stm32f4_pwm.o
                0x080036f8                TM_PWM_INT_InitTIM2Pins
 .text.TM_PWM_INT_InitTIM3Pins
                0x08003888      0x1b0 src/tm_stm32f4_pwm.o
                0x08003888                TM_PWM_INT_InitTIM3Pins
 .text.TM_PWM_INT_InitTIM4Pins
                0x08003a38      0x178 src/tm_stm32f4_pwm.o
                0x08003a38                TM_PWM_INT_InitTIM4Pins
 .text.TM_PWM_INT_InitTIM5Pins
                0x08003bb0      0x178 src/tm_stm32f4_pwm.o
                0x08003bb0                TM_PWM_INT_InitTIM5Pins
 .text.TM_PWM_INT_InitTIM8Pins
                0x08003d28      0x174 src/tm_stm32f4_pwm.o
                0x08003d28                TM_PWM_INT_InitTIM8Pins
 .text.TM_PWM_INT_InitTIM9Pins
                0x08003e9c       0xc8 src/tm_stm32f4_pwm.o
                0x08003e9c                TM_PWM_INT_InitTIM9Pins
 .text.TM_PWM_INT_InitTIM10Pins
                0x08003f64       0x7c src/tm_stm32f4_pwm.o
                0x08003f64                TM_PWM_INT_InitTIM10Pins
 .text.TM_PWM_INT_InitTIM11Pins
                0x08003fe0       0x7c src/tm_stm32f4_pwm.o
                0x08003fe0                TM_PWM_INT_InitTIM11Pins
 .text.TM_PWM_INT_InitTIM12Pins
                0x0800405c       0xd0 src/tm_stm32f4_pwm.o
                0x0800405c                TM_PWM_INT_InitTIM12Pins
 .text.TM_PWM_INT_InitTIM13Pins
                0x0800412c       0x7c src/tm_stm32f4_pwm.o
                0x0800412c                TM_PWM_INT_InitTIM13Pins
 .text.TM_PWM_INT_InitTIM14Pins
                0x080041a8       0x7c src/tm_stm32f4_pwm.o
                0x080041a8                TM_PWM_INT_InitTIM14Pins
 .text.TM_SPI_Init
                0x08004224       0xe0 src/tm_stm32f4_spi.o
                0x08004224                TM_SPI_Init
 .text.TM_SPI_SendMulti
                0x08004304       0x98 src/tm_stm32f4_spi.o
                0x08004304                TM_SPI_SendMulti
 .text.TM_SPI_WriteMulti
                0x0800439c       0x8a src/tm_stm32f4_spi.o
                0x0800439c                TM_SPI_WriteMulti
 .text.TM_SPI_InitCustomPinsCallback
                0x08004426       0x18 src/tm_stm32f4_spi.o
                0x08004426                TM_SPI_InitCustomPinsCallback
 *fill*         0x0800443e        0x2 
 .text.TM_SPIx_Init
                0x08004440      0x188 src/tm_stm32f4_spi.o
 .text.TM_SPI1_INT_InitPins
                0x080045c8       0x60 src/tm_stm32f4_spi.o
                0x080045c8                TM_SPI1_INT_InitPins
 .text.TM_SPI2_INT_InitPins
                0x08004628       0x98 src/tm_stm32f4_spi.o
                0x08004628                TM_SPI2_INT_InitPins
 .text.TM_SPI3_INT_InitPins
                0x080046c0       0x64 src/tm_stm32f4_spi.o
                0x080046c0                TM_SPI3_INT_InitPins
 .text.TM_SPI4_INT_InitPins
                0x08004724       0x60 src/tm_stm32f4_spi.o
                0x08004724                TM_SPI4_INT_InitPins
 .text.TM_SPI5_INT_InitPins
                0x08004784       0x78 src/tm_stm32f4_spi.o
                0x08004784                TM_SPI5_INT_InitPins
 .text.TM_SPI6_INT_InitPins
                0x080047fc       0x44 src/tm_stm32f4_spi.o
                0x080047fc                TM_SPI6_INT_InitPins
 .text.TM_TIMER_PROPERTIES_GetTimerProperties
                0x08004840      0x100 src/tm_stm32f4_timer_properties.o
                0x08004840                TM_TIMER_PROPERTIES_GetTimerProperties
 .text.TM_TIMER_PROPERTIES_GenerateDataForWorkingFrequency
                0x08004940      0x11e src/tm_stm32f4_timer_properties.o
                0x08004940                TM_TIMER_PROPERTIES_GenerateDataForWorkingFrequency
 *fill*         0x08004a5e        0x2 
 .text.TM_TIMER_PROPERTIES_EnableClock
                0x08004a60      0x168 src/tm_stm32f4_timer_properties.o
                0x08004a60                TM_TIMER_PROPERTIES_EnableClock
 .text.TM_USART_Init
                0x08004bc8      0x108 src/tm_stm32f4_usart.o
                0x08004bc8                TM_USART_Init
 .text.TM_USART_Puts
                0x08004cd0       0x5c src/tm_stm32f4_usart.o
                0x08004cd0                TM_USART_Puts
 .text.TM_USART_INT_InsertToBuffer
                0x08004d2c       0x5c src/tm_stm32f4_usart.o
                0x08004d2c                TM_USART_INT_InsertToBuffer
 .text.TM_USART_InitCustomPinsCallback
                0x08004d88       0x18 src/tm_stm32f4_usart.o
                0x08004d88                TM_USART_InitCustomPinsCallback
 .text.TM_USART_INT_GetUsart
                0x08004da0       0x90 src/tm_stm32f4_usart.o
                0x08004da0                TM_USART_INT_GetUsart
 .text.TM_USART_INT_GetSubPriority
                0x08004e30       0x78 src/tm_stm32f4_usart.o
                0x08004e30                TM_USART_INT_GetSubPriority
 .text.TM_USART1_InitPins
                0x08004ea8       0x64 src/tm_stm32f4_usart.o
                0x08004ea8                TM_USART1_InitPins
 .text.TM_USART2_InitPins
                0x08004f0c       0x60 src/tm_stm32f4_usart.o
                0x08004f0c                TM_USART2_InitPins
 .text.TM_USART3_InitPins
                0x08004f6c       0x84 src/tm_stm32f4_usart.o
                0x08004f6c                TM_USART3_InitPins
 .text.TM_UART4_InitPins
                0x08004ff0       0x64 src/tm_stm32f4_usart.o
                0x08004ff0                TM_UART4_InitPins
 .text.TM_UART5_InitPins
                0x08005054       0x5c src/tm_stm32f4_usart.o
                0x08005054                TM_UART5_InitPins
 .text.TM_USART6_InitPins
                0x080050b0       0x64 src/tm_stm32f4_usart.o
                0x080050b0                TM_USART6_InitPins
 .text.USART1_IRQHandler
                0x08005114       0x30 src/tm_stm32f4_usart.o
                0x08005114                USART1_IRQHandler
 .text.USART2_IRQHandler
                0x08005144       0x30 src/tm_stm32f4_usart.o
                0x08005144                USART2_IRQHandler
 .text.USART3_IRQHandler
                0x08005174       0x30 src/tm_stm32f4_usart.o
                0x08005174                USART3_IRQHandler
 .text.UART4_IRQHandler
                0x080051a4       0x30 src/tm_stm32f4_usart.o
                0x080051a4                UART4_IRQHandler
 .text.UART5_IRQHandler
                0x080051d4       0x30 src/tm_stm32f4_usart.o
                0x080051d4                UART5_IRQHandler
 .text.USART6_IRQHandler
                0x08005204       0x30 src/tm_stm32f4_usart.o
                0x08005204                USART6_IRQHandler
 .text.TM_USART_INT_Init
                0x08005234      0x18c src/tm_stm32f4_usart.o
 .text.Reset_Handler
                0x080053c0       0x50 startup/startup_stm32.o
                0x080053c0                Reset_Handler
 .text.Default_Handler
                0x08005410        0x2 startup/startup_stm32.o
                0x08005410                RTC_Alarm_IRQHandler
                0x08005410                HASH_RNG_IRQHandler
                0x08005410                EXTI2_IRQHandler
                0x08005410                TIM8_CC_IRQHandler
                0x08005410                DebugMon_Handler
                0x08005410                TIM1_CC_IRQHandler
                0x08005410                DMA2_Stream5_IRQHandler
                0x08005410                HardFault_Handler
                0x08005410                DMA1_Stream5_IRQHandler
                0x08005410                PVD_IRQHandler
                0x08005410                SDIO_IRQHandler
                0x08005410                TAMP_STAMP_IRQHandler
                0x08005410                PendSV_Handler
                0x08005410                NMI_Handler
                0x08005410                CAN2_RX1_IRQHandler
                0x08005410                EXTI3_IRQHandler
                0x08005410                TIM8_TRG_COM_TIM14_IRQHandler
                0x08005410                TIM1_UP_TIM10_IRQHandler
                0x08005410                TIM8_UP_TIM13_IRQHandler
                0x08005410                I2C3_ER_IRQHandler
                0x08005410                LCD_TFT_IRQHandler
                0x08005410                EXTI0_IRQHandler
                0x08005410                I2C2_EV_IRQHandler
                0x08005410                DMA1_Stream2_IRQHandler
                0x08005410                CAN1_RX0_IRQHandler
                0x08005410                FPU_IRQHandler
                0x08005410                OTG_HS_WKUP_IRQHandler
                0x08005410                UsageFault_Handler
                0x08005410                CAN2_SCE_IRQHandler
                0x08005410                DMA2_Stream2_IRQHandler
                0x08005410                SPI1_IRQHandler
                0x08005410                TIM6_DAC_IRQHandler
                0x08005410                TIM1_BRK_TIM9_IRQHandler
                0x08005410                DCMI_IRQHandler
                0x08005410                CAN2_RX0_IRQHandler
                0x08005410                DMA2_Stream3_IRQHandler
                0x08005410                CRYP_IRQHandler
                0x08005410                CAN1_RX1_IRQHandler
                0x08005410                DMA2_Stream0_IRQHandler
                0x08005410                TIM4_IRQHandler
                0x08005410                I2C1_EV_IRQHandler
                0x08005410                DMA1_Stream6_IRQHandler
                0x08005410                DMA1_Stream1_IRQHandler
                0x08005410                LCD_TFT_1_IRQHandler
                0x08005410                TIM3_IRQHandler
                0x08005410                RCC_IRQHandler
                0x08005410                TIM8_BRK_TIM12_IRQHandler
                0x08005410                Default_Handler
                0x08005410                EXTI15_10_IRQHandler
                0x08005410                ADC_IRQHandler
                0x08005410                DMA1_Stream7_IRQHandler
                0x08005410                TIM7_IRQHandler
                0x08005410                CAN2_TX_IRQHandler
                0x08005410                TIM5_IRQHandler
                0x08005410                DMA2_Stream7_IRQHandler
                0x08005410                I2C3_EV_IRQHandler
                0x08005410                EXTI9_5_IRQHandler
                0x08005410                RTC_WKUP_IRQHandler
                0x08005410                ETH_WKUP_IRQHandler
                0x08005410                SPI2_IRQHandler
                0x08005410                OTG_HS_EP1_IN_IRQHandler
                0x08005410                MemManage_Handler
                0x08005410                DMA1_Stream0_IRQHandler
                0x08005410                CAN1_TX_IRQHandler
                0x08005410                SVC_Handler
                0x08005410                EXTI4_IRQHandler
                0x08005410                FSMC_IRQHandler
                0x08005410                ETH_IRQHandler
                0x08005410                OTG_HS_EP1_OUT_IRQHandler
                0x08005410                WWDG_IRQHandler
                0x08005410                OTG_FS_WKUP_IRQHandler
                0x08005410                TIM1_TRG_COM_TIM11_IRQHandler
                0x08005410                OTG_HS_IRQHandler
                0x08005410                EXTI1_IRQHandler
                0x08005410                I2C2_ER_IRQHandler
                0x08005410                DMA2_Stream1_IRQHandler
                0x08005410                CAN1_SCE_IRQHandler
                0x08005410                DMA2_Stream4_IRQHandler
                0x08005410                BusFault_Handler
                0x08005410                OTG_FS_IRQHandler
                0x08005410                SPI3_IRQHandler
                0x08005410                DMA1_Stream4_IRQHandler
                0x08005410                I2C1_ER_IRQHandler
                0x08005410                DMA2_Stream6_IRQHandler
                0x08005410                DMA1_Stream3_IRQHandler
 *fill*         0x08005412        0x2 
 .text.__errno  0x08005414        0xc c:/ac6/systemworkbench/plugins/fr.ac6.mcu.externaltools.arm-none.win32_1.17.0.201812190825/tools/compiler/bin/../lib/gcc/arm-none-eabi/7.3.1/../../../../arm-none-eabi/lib/thumb/v7e-m/fpv4-sp/hard\libc.a(lib_a-errno.o)
                0x08005414                __errno
 .text.__libc_init_array
                0x08005420       0x48 c:/ac6/systemworkbench/plugins/fr.ac6.mcu.externaltools.arm-none.win32_1.17.0.201812190825/tools/compiler/bin/../lib/gcc/arm-none-eabi/7.3.1/../../../../arm-none-eabi/lib/thumb/v7e-m/fpv4-sp/hard\libc.a(lib_a-init.o)
                0x08005420                __libc_init_array
 .text.malloc   0x08005468       0x10 c:/ac6/systemworkbench/plugins/fr.ac6.mcu.externaltools.arm-none.win32_1.17.0.201812190825/tools/compiler/bin/../lib/gcc/arm-none-eabi/7.3.1/../../../../arm-none-eabi/lib/thumb/v7e-m/fpv4-sp/hard\libc.a(lib_a-malloc.o)
                0x08005468                malloc
 .text._malloc_r
                0x08005478      0x548 c:/ac6/systemworkbench/plugins/fr.ac6.mcu.externaltools.arm-none.win32_1.17.0.201812190825/tools/compiler/bin/../lib/gcc/arm-none-eabi/7.3.1/../../../../arm-none-eabi/lib/thumb/v7e-m/fpv4-sp/hard\libc.a(lib_a-mallocr.o)
                0x08005478                _malloc_r
 .text.memset   0x080059c0       0x94 c:/ac6/systemworkbench/plugins/fr.ac6.mcu.externaltools.arm-none.win32_1.17.0.201812190825/tools/compiler/bin/../lib/gcc/arm-none-eabi/7.3.1/../../../../arm-none-eabi/lib/thumb/v7e-m/fpv4-sp/hard\libc.a(lib_a-memset.o)
                0x080059c0                memset
 .text.__malloc_lock
                0x08005a54        0xc c:/ac6/systemworkbench/plugins/fr.ac6.mcu.externaltools.arm-none.win32_1.17.0.201812190825/tools/compiler/bin/../lib/gcc/arm-none-eabi/7.3.1/../../../../arm-none-eabi/lib/thumb/v7e-m/fpv4-sp/hard\libc.a(lib_a-mlock.o)
                0x08005a54                __malloc_lock
 .text.__malloc_unlock
                0x08005a60        0xc c:/ac6/systemworkbench/plugins/fr.ac6.mcu.externaltools.arm-none.win32_1.17.0.201812190825/tools/compiler/bin/../lib/gcc/arm-none-eabi/7.3.1/../../../../arm-none-eabi/lib/thumb/v7e-m/fpv4-sp/hard\libc.a(lib_a-mlock.o)
                0x08005a60                __malloc_unlock
 .text._sbrk_r  0x08005a6c       0x24 c:/ac6/systemworkbench/plugins/fr.ac6.mcu.externaltools.arm-none.win32_1.17.0.201812190825/tools/compiler/bin/../lib/gcc/arm-none-eabi/7.3.1/../../../../arm-none-eabi/lib/thumb/v7e-m/fpv4-sp/hard\libc.a(lib_a-sbrkr.o)
                0x08005a6c                _sbrk_r
 .text.sprintf  0x08005a90       0x44 c:/ac6/systemworkbench/plugins/fr.ac6.mcu.externaltools.arm-none.win32_1.17.0.201812190825/tools/compiler/bin/../lib/gcc/arm-none-eabi/7.3.1/../../../../arm-none-eabi/lib/thumb/v7e-m/fpv4-sp/hard\libc.a(lib_a-sprintf.o)
                0x08005a90                sprintf
 *fill*         0x08005ad4        0x4 
 .text._svfprintf_r
                0x08005ad8     0x19cc c:/ac6/systemworkbench/plugins/fr.ac6.mcu.externaltools.arm-none.win32_1.17.0.201812190825/tools/compiler/bin/../lib/gcc/arm-none-eabi/7.3.1/../../../../arm-none-eabi/lib/thumb/v7e-m/fpv4-sp/hard\libc.a(lib_a-svfprintf.o)
                0x08005ad8                _svfprintf_r
 .text.startup.register_fini
                0x080074a4       0x14 c:/ac6/systemworkbench/plugins/fr.ac6.mcu.externaltools.arm-none.win32_1.17.0.201812190825/tools/compiler/bin/../lib/gcc/arm-none-eabi/7.3.1/../../../../arm-none-eabi/lib/thumb/v7e-m/fpv4-sp/hard\libc.a(lib_a-__call_atexit.o)
 .text.atexit   0x080074b8        0xc c:/ac6/systemworkbench/plugins/fr.ac6.mcu.externaltools.arm-none.win32_1.17.0.201812190825/tools/compiler/bin/../lib/gcc/arm-none-eabi/7.3.1/../../../../arm-none-eabi/lib/thumb/v7e-m/fpv4-sp/hard\libc.a(lib_a-atexit.o)
                0x080074b8                atexit
 .text.quorem   0x080074c4      0x124 c:/ac6/systemworkbench/plugins/fr.ac6.mcu.externaltools.arm-none.win32_1.17.0.201812190825/tools/compiler/bin/../lib/gcc/arm-none-eabi/7.3.1/../../../../arm-none-eabi/lib/thumb/v7e-m/fpv4-sp/hard\libc.a(lib_a-dtoa.o)
 .text._dtoa_r  0x080075e8      0xe20 c:/ac6/systemworkbench/plugins/fr.ac6.mcu.externaltools.arm-none.win32_1.17.0.201812190825/tools/compiler/bin/../lib/gcc/arm-none-eabi/7.3.1/../../../../arm-none-eabi/lib/thumb/v7e-m/fpv4-sp/hard\libc.a(lib_a-dtoa.o)
                0x080075e8                _dtoa_r
 .text.__libc_fini_array
                0x08008408       0x34 c:/ac6/systemworkbench/plugins/fr.ac6.mcu.externaltools.arm-none.win32_1.17.0.201812190825/tools/compiler/bin/../lib/gcc/arm-none-eabi/7.3.1/../../../../arm-none-eabi/lib/thumb/v7e-m/fpv4-sp/hard\libc.a(lib_a-fini.o)
                0x08008408                __libc_fini_array
 .text._malloc_trim_r
                0x0800843c       0xa0 c:/ac6/systemworkbench/plugins/fr.ac6.mcu.externaltools.arm-none.win32_1.17.0.201812190825/tools/compiler/bin/../lib/gcc/arm-none-eabi/7.3.1/../../../../arm-none-eabi/lib/thumb/v7e-m/fpv4-sp/hard\libc.a(lib_a-freer.o)
                0x0800843c                _malloc_trim_r
 .text._free_r  0x080084dc      0x1e8 c:/ac6/systemworkbench/plugins/fr.ac6.mcu.externaltools.arm-none.win32_1.17.0.201812190825/tools/compiler/bin/../lib/gcc/arm-none-eabi/7.3.1/../../../../arm-none-eabi/lib/thumb/v7e-m/fpv4-sp/hard\libc.a(lib_a-freer.o)
                0x080084dc                _free_r
 .text._localeconv_r
                0x080086c4       0x1c c:/ac6/systemworkbench/plugins/fr.ac6.mcu.externaltools.arm-none.win32_1.17.0.201812190825/tools/compiler/bin/../lib/gcc/arm-none-eabi/7.3.1/../../../../arm-none-eabi/lib/thumb/v7e-m/fpv4-sp/hard\libc.a(lib_a-localeconv.o)
                0x080086c4                _localeconv_r
 .text.__retarget_lock_acquire_recursive
                0x080086e0        0x4 c:/ac6/systemworkbench/plugins/fr.ac6.mcu.externaltools.arm-none.win32_1.17.0.201812190825/tools/compiler/bin/../lib/gcc/arm-none-eabi/7.3.1/../../../../arm-none-eabi/lib/thumb/v7e-m/fpv4-sp/hard\libc.a(lib_a-lock.o)
                0x080086e0                __retarget_lock_acquire_recursive
 .text.__retarget_lock_release_recursive
                0x080086e4        0x4 c:/ac6/systemworkbench/plugins/fr.ac6.mcu.externaltools.arm-none.win32_1.17.0.201812190825/tools/compiler/bin/../lib/gcc/arm-none-eabi/7.3.1/../../../../arm-none-eabi/lib/thumb/v7e-m/fpv4-sp/hard\libc.a(lib_a-lock.o)
                0x080086e4                __retarget_lock_release_recursive
 .text._Balloc  0x080086e8       0x4c c:/ac6/systemworkbench/plugins/fr.ac6.mcu.externaltools.arm-none.win32_1.17.0.201812190825/tools/compiler/bin/../lib/gcc/arm-none-eabi/7.3.1/../../../../arm-none-eabi/lib/thumb/v7e-m/fpv4-sp/hard\libc.a(lib_a-mprec.o)
                0x080086e8                _Balloc
 .text._Bfree   0x08008734       0x14 c:/ac6/systemworkbench/plugins/fr.ac6.mcu.externaltools.arm-none.win32_1.17.0.201812190825/tools/compiler/bin/../lib/gcc/arm-none-eabi/7.3.1/../../../../arm-none-eabi/lib/thumb/v7e-m/fpv4-sp/hard\libc.a(lib_a-mprec.o)
                0x08008734                _Bfree
 .text.__multadd
                0x08008748       0x80 c:/ac6/systemworkbench/plugins/fr.ac6.mcu.externaltools.arm-none.win32_1.17.0.201812190825/tools/compiler/bin/../lib/gcc/arm-none-eabi/7.3.1/../../../../arm-none-eabi/lib/thumb/v7e-m/fpv4-sp/hard\libc.a(lib_a-mprec.o)
                0x08008748                __multadd
 .text.__hi0bits
                0x080087c8       0x40 c:/ac6/systemworkbench/plugins/fr.ac6.mcu.externaltools.arm-none.win32_1.17.0.201812190825/tools/compiler/bin/../lib/gcc/arm-none-eabi/7.3.1/../../../../arm-none-eabi/lib/thumb/v7e-m/fpv4-sp/hard\libc.a(lib_a-mprec.o)
                0x080087c8                __hi0bits
 .text.__lo0bits
                0x08008808       0x60 c:/ac6/systemworkbench/plugins/fr.ac6.mcu.externaltools.arm-none.win32_1.17.0.201812190825/tools/compiler/bin/../lib/gcc/arm-none-eabi/7.3.1/../../../../arm-none-eabi/lib/thumb/v7e-m/fpv4-sp/hard\libc.a(lib_a-mprec.o)
                0x08008808                __lo0bits
 .text.__i2b    0x08008868       0x14 c:/ac6/systemworkbench/plugins/fr.ac6.mcu.externaltools.arm-none.win32_1.17.0.201812190825/tools/compiler/bin/../lib/gcc/arm-none-eabi/7.3.1/../../../../arm-none-eabi/lib/thumb/v7e-m/fpv4-sp/hard\libc.a(lib_a-mprec.o)
                0x08008868                __i2b
 .text.__multiply
                0x0800887c      0x14c c:/ac6/systemworkbench/plugins/fr.ac6.mcu.externaltools.arm-none.win32_1.17.0.201812190825/tools/compiler/bin/../lib/gcc/arm-none-eabi/7.3.1/../../../../arm-none-eabi/lib/thumb/v7e-m/fpv4-sp/hard\libc.a(lib_a-mprec.o)
                0x0800887c                __multiply
 .text.__pow5mult
                0x080089c8       0xa0 c:/ac6/systemworkbench/plugins/fr.ac6.mcu.externaltools.arm-none.win32_1.17.0.201812190825/tools/compiler/bin/../lib/gcc/arm-none-eabi/7.3.1/../../../../arm-none-eabi/lib/thumb/v7e-m/fpv4-sp/hard\libc.a(lib_a-mprec.o)
                0x080089c8                __pow5mult
 .text.__lshift
                0x08008a68       0xac c:/ac6/systemworkbench/plugins/fr.ac6.mcu.externaltools.arm-none.win32_1.17.0.201812190825/tools/compiler/bin/../lib/gcc/arm-none-eabi/7.3.1/../../../../arm-none-eabi/lib/thumb/v7e-m/fpv4-sp/hard\libc.a(lib_a-mprec.o)
                0x08008a68                __lshift
 .text.__mcmp   0x08008b14       0x38 c:/ac6/systemworkbench/plugins/fr.ac6.mcu.externaltools.arm-none.win32_1.17.0.201812190825/tools/compiler/bin/../lib/gcc/arm-none-eabi/7.3.1/../../../../arm-none-eabi/lib/thumb/v7e-m/fpv4-sp/hard\libc.a(lib_a-mprec.o)
                0x08008b14                __mcmp
 .text.__mdiff  0x08008b4c       0xec c:/ac6/systemworkbench/plugins/fr.ac6.mcu.externaltools.arm-none.win32_1.17.0.201812190825/tools/compiler/bin/../lib/gcc/arm-none-eabi/7.3.1/../../../../arm-none-eabi/lib/thumb/v7e-m/fpv4-sp/hard\libc.a(lib_a-mprec.o)
                0x08008b4c                __mdiff
 .text.__d2b    0x08008c38       0xc4 c:/ac6/systemworkbench/plugins/fr.ac6.mcu.externaltools.arm-none.win32_1.17.0.201812190825/tools/compiler/bin/../lib/gcc/arm-none-eabi/7.3.1/../../../../arm-none-eabi/lib/thumb/v7e-m/fpv4-sp/hard\libc.a(lib_a-mprec.o)
                0x08008c38                __d2b
 .text.frexp    0x08008cfc       0x68 c:/ac6/systemworkbench/plugins/fr.ac6.mcu.externaltools.arm-none.win32_1.17.0.201812190825/tools/compiler/bin/../lib/gcc/arm-none-eabi/7.3.1/../../../../arm-none-eabi/lib/thumb/v7e-m/fpv4-sp/hard\libc.a(lib_a-s_frexp.o)
                0x08008cfc                frexp
 .text.strncpy  0x08008d64       0x64 c:/ac6/systemworkbench/plugins/fr.ac6.mcu.externaltools.arm-none.win32_1.17.0.201812190825/tools/compiler/bin/../lib/gcc/arm-none-eabi/7.3.1/../../../../arm-none-eabi/lib/thumb/v7e-m/fpv4-sp/hard\libc.a(lib_a-strncpy.o)
                0x08008d64                strncpy
 .text.__ssprint_r
                0x08008dc8       0xf4 c:/ac6/systemworkbench/plugins/fr.ac6.mcu.externaltools.arm-none.win32_1.17.0.201812190825/tools/compiler/bin/../lib/gcc/arm-none-eabi/7.3.1/../../../../arm-none-eabi/lib/thumb/v7e-m/fpv4-sp/hard\libc.a(lib_a-svfiprintf.o)
                0x08008dc8                __ssprint_r
 .text.__register_exitproc
                0x08008ebc       0xc0 c:/ac6/systemworkbench/plugins/fr.ac6.mcu.externaltools.arm-none.win32_1.17.0.201812190825/tools/compiler/bin/../lib/gcc/arm-none-eabi/7.3.1/../../../../arm-none-eabi/lib/thumb/v7e-m/fpv4-sp/hard\libc.a(lib_a-__atexit.o)
                0x08008ebc                __register_exitproc
 .text._calloc_r
                0x08008f7c       0x68 c:/ac6/systemworkbench/plugins/fr.ac6.mcu.externaltools.arm-none.win32_1.17.0.201812190825/tools/compiler/bin/../lib/gcc/arm-none-eabi/7.3.1/../../../../arm-none-eabi/lib/thumb/v7e-m/fpv4-sp/hard\libc.a(lib_a-callocr.o)
                0x08008f7c                _calloc_r
 .text.__ascii_mbtowc
                0x08008fe4       0x2c c:/ac6/systemworkbench/plugins/fr.ac6.mcu.externaltools.arm-none.win32_1.17.0.201812190825/tools/compiler/bin/../lib/gcc/arm-none-eabi/7.3.1/../../../../arm-none-eabi/lib/thumb/v7e-m/fpv4-sp/hard\libc.a(lib_a-mbtowc_r.o)
                0x08008fe4                __ascii_mbtowc
 .text.memmove  0x08009010       0xc8 c:/ac6/systemworkbench/plugins/fr.ac6.mcu.externaltools.arm-none.win32_1.17.0.201812190825/tools/compiler/bin/../lib/gcc/arm-none-eabi/7.3.1/../../../../arm-none-eabi/lib/thumb/v7e-m/fpv4-sp/hard\libc.a(lib_a-memmove.o)
                0x08009010                memmove
 .text._realloc_r
                0x080090d8      0x35c c:/ac6/systemworkbench/plugins/fr.ac6.mcu.externaltools.arm-none.win32_1.17.0.201812190825/tools/compiler/bin/../lib/gcc/arm-none-eabi/7.3.1/../../../../arm-none-eabi/lib/thumb/v7e-m/fpv4-sp/hard\libc.a(lib_a-reallocr.o)
                0x080090d8                _realloc_r
 .text.__ascii_wctomb
                0x08009434       0x1c c:/ac6/systemworkbench/plugins/fr.ac6.mcu.externaltools.arm-none.win32_1.17.0.201812190825/tools/compiler/bin/../lib/gcc/arm-none-eabi/7.3.1/../../../../arm-none-eabi/lib/thumb/v7e-m/fpv4-sp/hard\libc.a(lib_a-wctomb_r.o)
                0x08009434                __ascii_wctomb
 *(.glue_7)
 .glue_7        0x08009450        0x0 linker stubs
 *(.glue_7t)
 .glue_7t       0x08009450        0x0 linker stubs
 *(.eh_frame)
 .eh_frame      0x08009450        0x0 c:/ac6/systemworkbench/plugins/fr.ac6.mcu.externaltools.arm-none.win32_1.17.0.201812190825/tools/compiler/bin/../lib/gcc/arm-none-eabi/7.3.1/thumb/v7e-m/fpv4-sp/hard/crtbegin.o
 *(.init)
 .init          0x08009450        0x4 c:/ac6/systemworkbench/plugins/fr.ac6.mcu.externaltools.arm-none.win32_1.17.0.201812190825/tools/compiler/bin/../lib/gcc/arm-none-eabi/7.3.1/thumb/v7e-m/fpv4-sp/hard/crti.o
                0x08009450                _init
 .init          0x08009454        0x8 c:/ac6/systemworkbench/plugins/fr.ac6.mcu.externaltools.arm-none.win32_1.17.0.201812190825/tools/compiler/bin/../lib/gcc/arm-none-eabi/7.3.1/thumb/v7e-m/fpv4-sp/hard/crtn.o
 *(.fini)
 .fini          0x0800945c        0x4 c:/ac6/systemworkbench/plugins/fr.ac6.mcu.externaltools.arm-none.win32_1.17.0.201812190825/tools/compiler/bin/../lib/gcc/arm-none-eabi/7.3.1/thumb/v7e-m/fpv4-sp/hard/crti.o
                0x0800945c                _fini
 .fini          0x08009460        0x8 c:/ac6/systemworkbench/plugins/fr.ac6.mcu.externaltools.arm-none.win32_1.17.0.201812190825/tools/compiler/bin/../lib/gcc/arm-none-eabi/7.3.1/thumb/v7e-m/fpv4-sp/hard/crtn.o
                0x08009468                . = ALIGN (0x4)
                0x08009468                _etext = .

.vfp11_veneer   0x08009468        0x0
 .vfp11_veneer  0x08009468        0x0 linker stubs

.v4_bx          0x08009468        0x0
 .v4_bx         0x08009468        0x0 linker stubs

.iplt           0x08009468        0x0
 .iplt          0x08009468        0x0 c:/ac6/systemworkbench/plugins/fr.ac6.mcu.externaltools.arm-none.win32_1.17.0.201812190825/tools/compiler/bin/../lib/gcc/arm-none-eabi/7.3.1/thumb/v7e-m/fpv4-sp/hard/crtbegin.o

.rodata         0x08009468      0x2e8
                0x08009468                . = ALIGN (0x4)
 *(.rodata)
 .rodata        0x08009468       0x60 src/main.o
 *(.rodata*)
 .rodata._global_impure_ptr
                0x080094c8        0x4 c:/ac6/systemworkbench/plugins/fr.ac6.mcu.externaltools.arm-none.win32_1.17.0.201812190825/tools/compiler/bin/../lib/gcc/arm-none-eabi/7.3.1/../../../../arm-none-eabi/lib/thumb/v7e-m/fpv4-sp/hard\libc.a(lib_a-impure.o)
                0x080094c8                _global_impure_ptr
 .rodata._svfprintf_r.str1.4
                0x080094cc       0x42 c:/ac6/systemworkbench/plugins/fr.ac6.mcu.externaltools.arm-none.win32_1.17.0.201812190825/tools/compiler/bin/../lib/gcc/arm-none-eabi/7.3.1/../../../../arm-none-eabi/lib/thumb/v7e-m/fpv4-sp/hard\libc.a(lib_a-svfprintf.o)
 *fill*         0x0800950e        0x2 
 .rodata.blanks.8590
                0x08009510       0x10 c:/ac6/systemworkbench/plugins/fr.ac6.mcu.externaltools.arm-none.win32_1.17.0.201812190825/tools/compiler/bin/../lib/gcc/arm-none-eabi/7.3.1/../../../../arm-none-eabi/lib/thumb/v7e-m/fpv4-sp/hard\libc.a(lib_a-svfprintf.o)
 .rodata.zeroes.8591
                0x08009520       0x10 c:/ac6/systemworkbench/plugins/fr.ac6.mcu.externaltools.arm-none.win32_1.17.0.201812190825/tools/compiler/bin/../lib/gcc/arm-none-eabi/7.3.1/../../../../arm-none-eabi/lib/thumb/v7e-m/fpv4-sp/hard\libc.a(lib_a-svfprintf.o)
 .rodata._dtoa_r.str1.4
                0x08009530       0x10 c:/ac6/systemworkbench/plugins/fr.ac6.mcu.externaltools.arm-none.win32_1.17.0.201812190825/tools/compiler/bin/../lib/gcc/arm-none-eabi/7.3.1/../../../../arm-none-eabi/lib/thumb/v7e-m/fpv4-sp/hard\libc.a(lib_a-dtoa.o)
                                 0x12 (size before relaxing)
 .rodata.__mprec_bigtens
                0x08009540       0x28 c:/ac6/systemworkbench/plugins/fr.ac6.mcu.externaltools.arm-none.win32_1.17.0.201812190825/tools/compiler/bin/../lib/gcc/arm-none-eabi/7.3.1/../../../../arm-none-eabi/lib/thumb/v7e-m/fpv4-sp/hard\libc.a(lib_a-mprec.o)
                0x08009540                __mprec_bigtens
 .rodata.__mprec_tens
                0x08009568       0xc8 c:/ac6/systemworkbench/plugins/fr.ac6.mcu.externaltools.arm-none.win32_1.17.0.201812190825/tools/compiler/bin/../lib/gcc/arm-none-eabi/7.3.1/../../../../arm-none-eabi/lib/thumb/v7e-m/fpv4-sp/hard\libc.a(lib_a-mprec.o)
                0x08009568                __mprec_tens
 .rodata.p05.7367
                0x08009630        0xc c:/ac6/systemworkbench/plugins/fr.ac6.mcu.externaltools.arm-none.win32_1.17.0.201812190825/tools/compiler/bin/../lib/gcc/arm-none-eabi/7.3.1/../../../../arm-none-eabi/lib/thumb/v7e-m/fpv4-sp/hard\libc.a(lib_a-mprec.o)
 .rodata._setlocale_r.str1.4
                0x0800963c        0xa c:/ac6/systemworkbench/plugins/fr.ac6.mcu.externaltools.arm-none.win32_1.17.0.201812190825/tools/compiler/bin/../lib/gcc/arm-none-eabi/7.3.1/../../../../arm-none-eabi/lib/thumb/v7e-m/fpv4-sp/hard\libc.a(lib_a-locale.o)
                                  0xd (size before relaxing)
 *fill*         0x08009646        0x2 
 .rodata.str1.4
                0x08009648        0x4 c:/ac6/systemworkbench/plugins/fr.ac6.mcu.externaltools.arm-none.win32_1.17.0.201812190825/tools/compiler/bin/../lib/gcc/arm-none-eabi/7.3.1/../../../../arm-none-eabi/lib/thumb/v7e-m/fpv4-sp/hard\libc.a(lib_a-locale.o)
                                  0x2 (size before relaxing)
 .rodata._ctype_
                0x0800964c      0x101 c:/ac6/systemworkbench/plugins/fr.ac6.mcu.externaltools.arm-none.win32_1.17.0.201812190825/tools/compiler/bin/../lib/gcc/arm-none-eabi/7.3.1/../../../../arm-none-eabi/lib/thumb/v7e-m/fpv4-sp/hard\libc.a(lib_a-ctype_.o)
                0x0800964c                _ctype_
                0x08009750                . = ALIGN (0x4)
 *fill*         0x0800974d        0x3 

.ARM.extab      0x08009750        0x0
                0x08009750                . = ALIGN (0x4)
 *(.ARM.extab* .gnu.linkonce.armextab.*)
                0x08009750                . = ALIGN (0x4)

.ARM            0x08009750        0x8
                0x08009750                . = ALIGN (0x4)
                0x08009750                __exidx_start = .
 *(.ARM.exidx*)
 .ARM.exidx     0x08009750        0x8 c:/ac6/systemworkbench/plugins/fr.ac6.mcu.externaltools.arm-none.win32_1.17.0.201812190825/tools/compiler/bin/../lib/gcc/arm-none-eabi/7.3.1/thumb/v7e-m/fpv4-sp/hard\libgcc.a(_udivmoddi4.o)
                0x08009758                __exidx_end = .
                0x08009758                . = ALIGN (0x4)

.rel.dyn        0x08009758        0x0
 .rel.iplt      0x08009758        0x0 c:/ac6/systemworkbench/plugins/fr.ac6.mcu.externaltools.arm-none.win32_1.17.0.201812190825/tools/compiler/bin/../lib/gcc/arm-none-eabi/7.3.1/thumb/v7e-m/fpv4-sp/hard/crtbegin.o

.preinit_array  0x08009758        0x0
                0x08009758                . = ALIGN (0x4)
                0x08009758                PROVIDE (__preinit_array_start = .)
 *(.preinit_array*)
                0x08009758                PROVIDE (__preinit_array_end = .)
                0x08009758                . = ALIGN (0x4)

.init_array     0x08009758        0x8
                0x08009758                . = ALIGN (0x4)
                0x08009758                PROVIDE (__init_array_start = .)
 *(SORT_BY_NAME(.init_array.*))
 .init_array.00000
                0x08009758        0x4 c:/ac6/systemworkbench/plugins/fr.ac6.mcu.externaltools.arm-none.win32_1.17.0.201812190825/tools/compiler/bin/../lib/gcc/arm-none-eabi/7.3.1/../../../../arm-none-eabi/lib/thumb/v7e-m/fpv4-sp/hard\libc.a(lib_a-__call_atexit.o)
 *(.init_array*)
 .init_array    0x0800975c        0x4 c:/ac6/systemworkbench/plugins/fr.ac6.mcu.externaltools.arm-none.win32_1.17.0.201812190825/tools/compiler/bin/../lib/gcc/arm-none-eabi/7.3.1/thumb/v7e-m/fpv4-sp/hard/crtbegin.o
                0x08009760                PROVIDE (__init_array_end = .)
                0x08009760                . = ALIGN (0x4)

.fini_array     0x08009760        0x4
                0x08009760                . = ALIGN (0x4)
                0x08009760                PROVIDE (__fini_array_start = .)
 *(SORT_BY_NAME(.fini_array.*))
 *(.fini_array*)
 .fini_array    0x08009760        0x4 c:/ac6/systemworkbench/plugins/fr.ac6.mcu.externaltools.arm-none.win32_1.17.0.201812190825/tools/compiler/bin/../lib/gcc/arm-none-eabi/7.3.1/thumb/v7e-m/fpv4-sp/hard/crtbegin.o
                0x08009764                PROVIDE (__fini_array_end = .)
                0x08009764                . = ALIGN (0x4)
                0x08009764                _sidata = LOADADDR (.data)

.data           0x20000000      0xa30 load address 0x08009764
                0x20000000                . = ALIGN (0x4)
                0x20000000                _sdata = .
 *(.data)
 .data          0x20000000       0x10 StdPeriph_Driver/src/stm32f4xx_rcc.o
 .data          0x20000010        0xd src/main.o
                0x20000010                TxAddress
                0x20000018                MyAddress
 *fill*         0x2000001d        0x3 
 .data          0x20000020       0x60 src/tm_stm32f4_usart.o
                0x20000020                TM_USART1
                0x20000030                TM_USART2
                0x20000040                TM_USART3
                0x20000050                TM_UART4
                0x20000060                TM_UART5
                0x20000070                TM_USART6
 *(.data*)
 .data._impure_ptr
                0x20000080        0x4 c:/ac6/systemworkbench/plugins/fr.ac6.mcu.externaltools.arm-none.win32_1.17.0.201812190825/tools/compiler/bin/../lib/gcc/arm-none-eabi/7.3.1/../../../../arm-none-eabi/lib/thumb/v7e-m/fpv4-sp/hard\libc.a(lib_a-impure.o)
                0x20000080                _impure_ptr
 *fill*         0x20000084        0x4 
 .data.impure_data
                0x20000088      0x428 c:/ac6/systemworkbench/plugins/fr.ac6.mcu.externaltools.arm-none.win32_1.17.0.201812190825/tools/compiler/bin/../lib/gcc/arm-none-eabi/7.3.1/../../../../arm-none-eabi/lib/thumb/v7e-m/fpv4-sp/hard\libc.a(lib_a-impure.o)
 .data.__malloc_av_
                0x200004b0      0x408 c:/ac6/systemworkbench/plugins/fr.ac6.mcu.externaltools.arm-none.win32_1.17.0.201812190825/tools/compiler/bin/../lib/gcc/arm-none-eabi/7.3.1/../../../../arm-none-eabi/lib/thumb/v7e-m/fpv4-sp/hard\libc.a(lib_a-mallocr.o)
                0x200004b0                __malloc_av_
 .data.__malloc_sbrk_base
                0x200008b8        0x4 c:/ac6/systemworkbench/plugins/fr.ac6.mcu.externaltools.arm-none.win32_1.17.0.201812190825/tools/compiler/bin/../lib/gcc/arm-none-eabi/7.3.1/../../../../arm-none-eabi/lib/thumb/v7e-m/fpv4-sp/hard\libc.a(lib_a-mallocr.o)
                0x200008b8                __malloc_sbrk_base
 .data.__malloc_trim_threshold
                0x200008bc        0x4 c:/ac6/systemworkbench/plugins/fr.ac6.mcu.externaltools.arm-none.win32_1.17.0.201812190825/tools/compiler/bin/../lib/gcc/arm-none-eabi/7.3.1/../../../../arm-none-eabi/lib/thumb/v7e-m/fpv4-sp/hard\libc.a(lib_a-mallocr.o)
                0x200008bc                __malloc_trim_threshold
 .data.__atexit_recursive_mutex
                0x200008c0        0x4 c:/ac6/systemworkbench/plugins/fr.ac6.mcu.externaltools.arm-none.win32_1.17.0.201812190825/tools/compiler/bin/../lib/gcc/arm-none-eabi/7.3.1/../../../../arm-none-eabi/lib/thumb/v7e-m/fpv4-sp/hard\libc.a(lib_a-__call_atexit.o)
                0x200008c0                __atexit_recursive_mutex
 .data.__global_locale
                0x200008c4      0x16c c:/ac6/systemworkbench/plugins/fr.ac6.mcu.externaltools.arm-none.win32_1.17.0.201812190825/tools/compiler/bin/../lib/gcc/arm-none-eabi/7.3.1/../../../../arm-none-eabi/lib/thumb/v7e-m/fpv4-sp/hard\libc.a(lib_a-locale.o)
                0x200008c4                __global_locale
                0x20000a30                . = ALIGN (0x4)
                0x20000a30                _edata = .

.igot.plt       0x20000a30        0x0 load address 0x0800a194
 .igot.plt      0x20000a30        0x0 c:/ac6/systemworkbench/plugins/fr.ac6.mcu.externaltools.arm-none.win32_1.17.0.201812190825/tools/compiler/bin/../lib/gcc/arm-none-eabi/7.3.1/thumb/v7e-m/fpv4-sp/hard/crtbegin.o
                0x20000a30                . = ALIGN (0x4)

.bss            0x20000a30      0x2a8 load address 0x0800a194
                0x20000a30                _sbss = .
                0x20000a30                __bss_start__ = _sbss
 *(.bss)
 .bss           0x20000a30       0x1c c:/ac6/systemworkbench/plugins/fr.ac6.mcu.externaltools.arm-none.win32_1.17.0.201812190825/tools/compiler/bin/../lib/gcc/arm-none-eabi/7.3.1/thumb/v7e-m/fpv4-sp/hard/crtbegin.o
 .bss           0x20000a4c       0x1c src/main.o
 .bss           0x20000a68        0x8 src/syscalls.o
                0x20000a68                __env
 .bss           0x20000a70       0x28 src/tm_stm32f4_delay.o
                0x20000a70                TM_TimingDelay
                0x20000a74                TM_Time
                0x20000a78                TM_Time2
                0x20000a7c                TM_DELAY_Initialized
 .bss           0x20000a98       0x16 src/tm_stm32f4_gpio.o
 *fill*         0x20000aae        0x2 
 .bss           0x20000ab0        0x4 src/tm_stm32f4_nrf24l01.o
 *(.bss*)
 .bss.__malloc_current_mallinfo
                0x20000ab4       0x28 c:/ac6/systemworkbench/plugins/fr.ac6.mcu.externaltools.arm-none.win32_1.17.0.201812190825/tools/compiler/bin/../lib/gcc/arm-none-eabi/7.3.1/../../../../arm-none-eabi/lib/thumb/v7e-m/fpv4-sp/hard\libc.a(lib_a-mallocr.o)
                0x20000ab4                __malloc_current_mallinfo
 .bss.__malloc_max_sbrked_mem
                0x20000adc        0x4 c:/ac6/systemworkbench/plugins/fr.ac6.mcu.externaltools.arm-none.win32_1.17.0.201812190825/tools/compiler/bin/../lib/gcc/arm-none-eabi/7.3.1/../../../../arm-none-eabi/lib/thumb/v7e-m/fpv4-sp/hard\libc.a(lib_a-mallocr.o)
                0x20000adc                __malloc_max_sbrked_mem
 .bss.__malloc_max_total_mem
                0x20000ae0        0x4 c:/ac6/systemworkbench/plugins/fr.ac6.mcu.externaltools.arm-none.win32_1.17.0.201812190825/tools/compiler/bin/../lib/gcc/arm-none-eabi/7.3.1/../../../../arm-none-eabi/lib/thumb/v7e-m/fpv4-sp/hard\libc.a(lib_a-mallocr.o)
                0x20000ae0                __malloc_max_total_mem
 .bss.__malloc_top_pad
                0x20000ae4        0x4 c:/ac6/systemworkbench/plugins/fr.ac6.mcu.externaltools.arm-none.win32_1.17.0.201812190825/tools/compiler/bin/../lib/gcc/arm-none-eabi/7.3.1/../../../../arm-none-eabi/lib/thumb/v7e-m/fpv4-sp/hard\libc.a(lib_a-mallocr.o)
                0x20000ae4                __malloc_top_pad
 *(COMMON)
 COMMON         0x20000ae8       0x48 src/main.o
                0x20000ae8                dataIn
                0x20000b08                TIM3_Data
 COMMON         0x20000b30      0x180 src/tm_stm32f4_usart.o
                0x20000b30                TM_UART5_Buffer
                0x20000b70                TM_USART6_Buffer
                0x20000bb0                TM_USART3_Buffer
                0x20000bf0                TM_USART2_Buffer
                0x20000c30                TM_USART1_Buffer
                0x20000c70                TM_UART4_Buffer
 COMMON         0x20000cb0       0x21 c:/ac6/systemworkbench/plugins/fr.ac6.mcu.externaltools.arm-none.win32_1.17.0.201812190825/tools/compiler/bin/../lib/gcc/arm-none-eabi/7.3.1/../../../../arm-none-eabi/lib/thumb/v7e-m/fpv4-sp/hard\libc.a(lib_a-lock.o)
                0x20000cb0                __lock___atexit_recursive_mutex
                0x20000cb4                __lock___arc4random_mutex
                0x20000cb8                __lock___env_recursive_mutex
                0x20000cbc                __lock___sinit_recursive_mutex
                0x20000cc0                __lock___malloc_recursive_mutex
                0x20000cc4                __lock___at_quick_exit_mutex
                0x20000cc8                __lock___dd_hash_mutex
                0x20000ccc                __lock___tz_mutex
                0x20000cd0                __lock___sfp_recursive_mutex
 *fill*         0x20000cd1        0x3 
 COMMON         0x20000cd4        0x4 c:/ac6/systemworkbench/plugins/fr.ac6.mcu.externaltools.arm-none.win32_1.17.0.201812190825/tools/compiler/bin/../lib/gcc/arm-none-eabi/7.3.1/../../../../arm-none-eabi/lib/thumb/v7e-m/fpv4-sp/hard\libc.a(lib_a-reent.o)
                0x20000cd4                errno
                0x20000cd8                . = ALIGN (0x4)
                0x20000cd8                _ebss = .
                0x20000cd8                __bss_end__ = _ebss

._user_heap_stack
                0x20000cd8      0x400 load address 0x0800a194
                0x20000cd8                . = ALIGN (0x8)
                0x20000cd8                PROVIDE (end = .)
                [!provide]                PROVIDE (_end = .)
                0x20000cd8                . = (. + _Min_Heap_Size)
                0x200010d8                . = (. + _Min_Stack_Size)
 *fill*         0x20000cd8      0x400 
                0x200010d8                . = ALIGN (0x8)

/DISCARD/
 libc.a(*)
 libm.a(*)
 libgcc.a(*)

.ARM.attributes
                0x00000000       0x30
 *(.ARM.attributes)
 .ARM.attributes
                0x00000000       0x22 c:/ac6/systemworkbench/plugins/fr.ac6.mcu.externaltools.arm-none.win32_1.17.0.201812190825/tools/compiler/bin/../lib/gcc/arm-none-eabi/7.3.1/thumb/v7e-m/fpv4-sp/hard/crti.o
 .ARM.attributes
                0x00000022       0x34 c:/ac6/systemworkbench/plugins/fr.ac6.mcu.externaltools.arm-none.win32_1.17.0.201812190825/tools/compiler/bin/../lib/gcc/arm-none-eabi/7.3.1/thumb/v7e-m/fpv4-sp/hard/crtbegin.o
 .ARM.attributes
                0x00000056       0x39 StdPeriph_Driver/src/misc.o
 .ARM.attributes
                0x0000008f       0x39 StdPeriph_Driver/src/stm32f4xx_dac.o
 .ARM.attributes
                0x000000c8       0x39 StdPeriph_Driver/src/stm32f4xx_gpio.o
 .ARM.attributes
                0x00000101       0x39 StdPeriph_Driver/src/stm32f4xx_rcc.o
 .ARM.attributes
                0x0000013a       0x39 StdPeriph_Driver/src/stm32f4xx_spi.o
 .ARM.attributes
                0x00000173       0x39 StdPeriph_Driver/src/stm32f4xx_tim.o
 .ARM.attributes
                0x000001ac       0x39 StdPeriph_Driver/src/stm32f4xx_usart.o
 .ARM.attributes
                0x000001e5       0x39 src/main.o
 .ARM.attributes
                0x0000021e       0x39 src/syscalls.o
 .ARM.attributes
                0x00000257       0x39 src/system_stm32f4xx.o
 .ARM.attributes
                0x00000290       0x39 src/tm_stm32f4_dac.o
 .ARM.attributes
                0x000002c9       0x39 src/tm_stm32f4_delay.o
 .ARM.attributes
                0x00000302       0x39 src/tm_stm32f4_gpio.o
 .ARM.attributes
                0x0000033b       0x39 src/tm_stm32f4_nrf24l01.o
 .ARM.attributes
                0x00000374       0x39 src/tm_stm32f4_pwm.o
 .ARM.attributes
                0x000003ad       0x39 src/tm_stm32f4_spi.o
 .ARM.attributes
                0x000003e6       0x39 src/tm_stm32f4_timer_properties.o
 .ARM.attributes
                0x0000041f       0x39 src/tm_stm32f4_usart.o
 .ARM.attributes
                0x00000458       0x21 startup/startup_stm32.o
 .ARM.attributes
                0x00000479       0x22 c:/ac6/systemworkbench/plugins/fr.ac6.mcu.externaltools.arm-none.win32_1.17.0.201812190825/tools/compiler/bin/../lib/gcc/arm-none-eabi/7.3.1/thumb/v7e-m/fpv4-sp/hard\libgcc.a(_arm_addsubdf3.o)
 .ARM.attributes
                0x0000049b       0x22 c:/ac6/systemworkbench/plugins/fr.ac6.mcu.externaltools.arm-none.win32_1.17.0.201812190825/tools/compiler/bin/../lib/gcc/arm-none-eabi/7.3.1/thumb/v7e-m/fpv4-sp/hard\libgcc.a(_arm_muldivdf3.o)
 .ARM.attributes
                0x000004bd       0x22 c:/ac6/systemworkbench/plugins/fr.ac6.mcu.externaltools.arm-none.win32_1.17.0.201812190825/tools/compiler/bin/../lib/gcc/arm-none-eabi/7.3.1/thumb/v7e-m/fpv4-sp/hard\libgcc.a(_arm_cmpdf2.o)
 .ARM.attributes
                0x000004df       0x22 c:/ac6/systemworkbench/plugins/fr.ac6.mcu.externaltools.arm-none.win32_1.17.0.201812190825/tools/compiler/bin/../lib/gcc/arm-none-eabi/7.3.1/thumb/v7e-m/fpv4-sp/hard\libgcc.a(_arm_fixunsdfsi.o)
 .ARM.attributes
                0x00000501       0x34 c:/ac6/systemworkbench/plugins/fr.ac6.mcu.externaltools.arm-none.win32_1.17.0.201812190825/tools/compiler/bin/../lib/gcc/arm-none-eabi/7.3.1/../../../../arm-none-eabi/lib/thumb/v7e-m/fpv4-sp/hard\libc.a(lib_a-errno.o)
 .ARM.attributes
                0x00000535       0x34 c:/ac6/systemworkbench/plugins/fr.ac6.mcu.externaltools.arm-none.win32_1.17.0.201812190825/tools/compiler/bin/../lib/gcc/arm-none-eabi/7.3.1/../../../../arm-none-eabi/lib/thumb/v7e-m/fpv4-sp/hard\libc.a(lib_a-impure.o)
 .ARM.attributes
                0x00000569       0x34 c:/ac6/systemworkbench/plugins/fr.ac6.mcu.externaltools.arm-none.win32_1.17.0.201812190825/tools/compiler/bin/../lib/gcc/arm-none-eabi/7.3.1/../../../../arm-none-eabi/lib/thumb/v7e-m/fpv4-sp/hard\libc.a(lib_a-init.o)
 .ARM.attributes
                0x0000059d       0x34 c:/ac6/systemworkbench/plugins/fr.ac6.mcu.externaltools.arm-none.win32_1.17.0.201812190825/tools/compiler/bin/../lib/gcc/arm-none-eabi/7.3.1/../../../../arm-none-eabi/lib/thumb/v7e-m/fpv4-sp/hard\libc.a(lib_a-malloc.o)
 .ARM.attributes
                0x000005d1       0x34 c:/ac6/systemworkbench/plugins/fr.ac6.mcu.externaltools.arm-none.win32_1.17.0.201812190825/tools/compiler/bin/../lib/gcc/arm-none-eabi/7.3.1/../../../../arm-none-eabi/lib/thumb/v7e-m/fpv4-sp/hard\libc.a(lib_a-mallocr.o)
 .ARM.attributes
                0x00000605       0x34 c:/ac6/systemworkbench/plugins/fr.ac6.mcu.externaltools.arm-none.win32_1.17.0.201812190825/tools/compiler/bin/../lib/gcc/arm-none-eabi/7.3.1/../../../../arm-none-eabi/lib/thumb/v7e-m/fpv4-sp/hard\libc.a(lib_a-memset.o)
 .ARM.attributes
                0x00000639       0x34 c:/ac6/systemworkbench/plugins/fr.ac6.mcu.externaltools.arm-none.win32_1.17.0.201812190825/tools/compiler/bin/../lib/gcc/arm-none-eabi/7.3.1/../../../../arm-none-eabi/lib/thumb/v7e-m/fpv4-sp/hard\libc.a(lib_a-mlock.o)
 .ARM.attributes
                0x0000066d       0x34 c:/ac6/systemworkbench/plugins/fr.ac6.mcu.externaltools.arm-none.win32_1.17.0.201812190825/tools/compiler/bin/../lib/gcc/arm-none-eabi/7.3.1/../../../../arm-none-eabi/lib/thumb/v7e-m/fpv4-sp/hard\libc.a(lib_a-sbrkr.o)
 .ARM.attributes
                0x000006a1       0x34 c:/ac6/systemworkbench/plugins/fr.ac6.mcu.externaltools.arm-none.win32_1.17.0.201812190825/tools/compiler/bin/../lib/gcc/arm-none-eabi/7.3.1/../../../../arm-none-eabi/lib/thumb/v7e-m/fpv4-sp/hard\libc.a(lib_a-sprintf.o)
 .ARM.attributes
                0x000006d5       0x34 c:/ac6/systemworkbench/plugins/fr.ac6.mcu.externaltools.arm-none.win32_1.17.0.201812190825/tools/compiler/bin/../lib/gcc/arm-none-eabi/7.3.1/../../../../arm-none-eabi/lib/thumb/v7e-m/fpv4-sp/hard\libc.a(lib_a-svfprintf.o)
 .ARM.attributes
                0x00000709       0x34 c:/ac6/systemworkbench/plugins/fr.ac6.mcu.externaltools.arm-none.win32_1.17.0.201812190825/tools/compiler/bin/../lib/gcc/arm-none-eabi/7.3.1/../../../../arm-none-eabi/lib/thumb/v7e-m/fpv4-sp/hard\libc.a(lib_a-__call_atexit.o)
 .ARM.attributes
                0x0000073d       0x34 c:/ac6/systemworkbench/plugins/fr.ac6.mcu.externaltools.arm-none.win32_1.17.0.201812190825/tools/compiler/bin/../lib/gcc/arm-none-eabi/7.3.1/../../../../arm-none-eabi/lib/thumb/v7e-m/fpv4-sp/hard\libc.a(lib_a-atexit.o)
 .ARM.attributes
                0x00000771       0x34 c:/ac6/systemworkbench/plugins/fr.ac6.mcu.externaltools.arm-none.win32_1.17.0.201812190825/tools/compiler/bin/../lib/gcc/arm-none-eabi/7.3.1/../../../../arm-none-eabi/lib/thumb/v7e-m/fpv4-sp/hard\libc.a(lib_a-dtoa.o)
 .ARM.attributes
                0x000007a5       0x34 c:/ac6/systemworkbench/plugins/fr.ac6.mcu.externaltools.arm-none.win32_1.17.0.201812190825/tools/compiler/bin/../lib/gcc/arm-none-eabi/7.3.1/../../../../arm-none-eabi/lib/thumb/v7e-m/fpv4-sp/hard\libc.a(lib_a-fini.o)
 .ARM.attributes
                0x000007d9       0x34 c:/ac6/systemworkbench/plugins/fr.ac6.mcu.externaltools.arm-none.win32_1.17.0.201812190825/tools/compiler/bin/../lib/gcc/arm-none-eabi/7.3.1/../../../../arm-none-eabi/lib/thumb/v7e-m/fpv4-sp/hard\libc.a(lib_a-freer.o)
 .ARM.attributes
                0x0000080d       0x34 c:/ac6/systemworkbench/plugins/fr.ac6.mcu.externaltools.arm-none.win32_1.17.0.201812190825/tools/compiler/bin/../lib/gcc/arm-none-eabi/7.3.1/../../../../arm-none-eabi/lib/thumb/v7e-m/fpv4-sp/hard\libc.a(lib_a-localeconv.o)
 .ARM.attributes
                0x00000841       0x34 c:/ac6/systemworkbench/plugins/fr.ac6.mcu.externaltools.arm-none.win32_1.17.0.201812190825/tools/compiler/bin/../lib/gcc/arm-none-eabi/7.3.1/../../../../arm-none-eabi/lib/thumb/v7e-m/fpv4-sp/hard\libc.a(lib_a-lock.o)
 .ARM.attributes
                0x00000875       0x20 c:/ac6/systemworkbench/plugins/fr.ac6.mcu.externaltools.arm-none.win32_1.17.0.201812190825/tools/compiler/bin/../lib/gcc/arm-none-eabi/7.3.1/../../../../arm-none-eabi/lib/thumb/v7e-m/fpv4-sp/hard\libc.a(lib_a-memchr.o)
 .ARM.attributes
                0x00000895       0x20 c:/ac6/systemworkbench/plugins/fr.ac6.mcu.externaltools.arm-none.win32_1.17.0.201812190825/tools/compiler/bin/../lib/gcc/arm-none-eabi/7.3.1/../../../../arm-none-eabi/lib/thumb/v7e-m/fpv4-sp/hard\libc.a(lib_a-memcpy.o)
 .ARM.attributes
                0x000008b5       0x34 c:/ac6/systemworkbench/plugins/fr.ac6.mcu.externaltools.arm-none.win32_1.17.0.201812190825/tools/compiler/bin/../lib/gcc/arm-none-eabi/7.3.1/../../../../arm-none-eabi/lib/thumb/v7e-m/fpv4-sp/hard\libc.a(lib_a-mprec.o)
 .ARM.attributes
                0x000008e9       0x34 c:/ac6/systemworkbench/plugins/fr.ac6.mcu.externaltools.arm-none.win32_1.17.0.201812190825/tools/compiler/bin/../lib/gcc/arm-none-eabi/7.3.1/../../../../arm-none-eabi/lib/thumb/v7e-m/fpv4-sp/hard\libc.a(lib_a-reent.o)
 .ARM.attributes
                0x0000091d       0x34 c:/ac6/systemworkbench/plugins/fr.ac6.mcu.externaltools.arm-none.win32_1.17.0.201812190825/tools/compiler/bin/../lib/gcc/arm-none-eabi/7.3.1/../../../../arm-none-eabi/lib/thumb/v7e-m/fpv4-sp/hard\libc.a(lib_a-s_frexp.o)
 .ARM.attributes
                0x00000951       0x20 c:/ac6/systemworkbench/plugins/fr.ac6.mcu.externaltools.arm-none.win32_1.17.0.201812190825/tools/compiler/bin/../lib/gcc/arm-none-eabi/7.3.1/../../../../arm-none-eabi/lib/thumb/v7e-m/fpv4-sp/hard\libc.a(lib_a-strlen.o)
 .ARM.attributes
                0x00000971       0x34 c:/ac6/systemworkbench/plugins/fr.ac6.mcu.externaltools.arm-none.win32_1.17.0.201812190825/tools/compiler/bin/../lib/gcc/arm-none-eabi/7.3.1/../../../../arm-none-eabi/lib/thumb/v7e-m/fpv4-sp/hard\libc.a(lib_a-strncpy.o)
 .ARM.attributes
                0x000009a5       0x34 c:/ac6/systemworkbench/plugins/fr.ac6.mcu.externaltools.arm-none.win32_1.17.0.201812190825/tools/compiler/bin/../lib/gcc/arm-none-eabi/7.3.1/../../../../arm-none-eabi/lib/thumb/v7e-m/fpv4-sp/hard\libc.a(lib_a-svfiprintf.o)
 .ARM.attributes
                0x000009d9       0x34 c:/ac6/systemworkbench/plugins/fr.ac6.mcu.externaltools.arm-none.win32_1.17.0.201812190825/tools/compiler/bin/../lib/gcc/arm-none-eabi/7.3.1/../../../../arm-none-eabi/lib/thumb/v7e-m/fpv4-sp/hard\libc.a(lib_a-__atexit.o)
 .ARM.attributes
                0x00000a0d       0x34 c:/ac6/systemworkbench/plugins/fr.ac6.mcu.externaltools.arm-none.win32_1.17.0.201812190825/tools/compiler/bin/../lib/gcc/arm-none-eabi/7.3.1/../../../../arm-none-eabi/lib/thumb/v7e-m/fpv4-sp/hard\libc.a(lib_a-callocr.o)
 .ARM.attributes
                0x00000a41       0x34 c:/ac6/systemworkbench/plugins/fr.ac6.mcu.externaltools.arm-none.win32_1.17.0.201812190825/tools/compiler/bin/../lib/gcc/arm-none-eabi/7.3.1/../../../../arm-none-eabi/lib/thumb/v7e-m/fpv4-sp/hard\libc.a(lib_a-locale.o)
 .ARM.attributes
                0x00000a75       0x34 c:/ac6/systemworkbench/plugins/fr.ac6.mcu.externaltools.arm-none.win32_1.17.0.201812190825/tools/compiler/bin/../lib/gcc/arm-none-eabi/7.3.1/../../../../arm-none-eabi/lib/thumb/v7e-m/fpv4-sp/hard\libc.a(lib_a-mbtowc_r.o)
 .ARM.attributes
                0x00000aa9       0x34 c:/ac6/systemworkbench/plugins/fr.ac6.mcu.externaltools.arm-none.win32_1.17.0.201812190825/tools/compiler/bin/../lib/gcc/arm-none-eabi/7.3.1/../../../../arm-none-eabi/lib/thumb/v7e-m/fpv4-sp/hard\libc.a(lib_a-memmove.o)
 .ARM.attributes
                0x00000add       0x34 c:/ac6/systemworkbench/plugins/fr.ac6.mcu.externaltools.arm-none.win32_1.17.0.201812190825/tools/compiler/bin/../lib/gcc/arm-none-eabi/7.3.1/../../../../arm-none-eabi/lib/thumb/v7e-m/fpv4-sp/hard\libc.a(lib_a-reallocr.o)
 .ARM.attributes
                0x00000b11       0x34 c:/ac6/systemworkbench/plugins/fr.ac6.mcu.externaltools.arm-none.win32_1.17.0.201812190825/tools/compiler/bin/../lib/gcc/arm-none-eabi/7.3.1/../../../../arm-none-eabi/lib/thumb/v7e-m/fpv4-sp/hard\libc.a(lib_a-wctomb_r.o)
 .ARM.attributes
                0x00000b45       0x34 c:/ac6/systemworkbench/plugins/fr.ac6.mcu.externaltools.arm-none.win32_1.17.0.201812190825/tools/compiler/bin/../lib/gcc/arm-none-eabi/7.3.1/../../../../arm-none-eabi/lib/thumb/v7e-m/fpv4-sp/hard\libc.a(lib_a-ctype_.o)
 .ARM.attributes
                0x00000b79       0x22 c:/ac6/systemworkbench/plugins/fr.ac6.mcu.externaltools.arm-none.win32_1.17.0.201812190825/tools/compiler/bin/../lib/gcc/arm-none-eabi/7.3.1/thumb/v7e-m/fpv4-sp/hard\libgcc.a(_arm_unorddf2.o)
 .ARM.attributes
                0x00000b9b       0x22 c:/ac6/systemworkbench/plugins/fr.ac6.mcu.externaltools.arm-none.win32_1.17.0.201812190825/tools/compiler/bin/../lib/gcc/arm-none-eabi/7.3.1/thumb/v7e-m/fpv4-sp/hard\libgcc.a(_arm_fixdfsi.o)
 .ARM.attributes
                0x00000bbd       0x22 c:/ac6/systemworkbench/plugins/fr.ac6.mcu.externaltools.arm-none.win32_1.17.0.201812190825/tools/compiler/bin/../lib/gcc/arm-none-eabi/7.3.1/thumb/v7e-m/fpv4-sp/hard\libgcc.a(_aeabi_uldivmod.o)
 .ARM.attributes
                0x00000bdf       0x34 c:/ac6/systemworkbench/plugins/fr.ac6.mcu.externaltools.arm-none.win32_1.17.0.201812190825/tools/compiler/bin/../lib/gcc/arm-none-eabi/7.3.1/thumb/v7e-m/fpv4-sp/hard\libgcc.a(_udivmoddi4.o)
 .ARM.attributes
                0x00000c13       0x22 c:/ac6/systemworkbench/plugins/fr.ac6.mcu.externaltools.arm-none.win32_1.17.0.201812190825/tools/compiler/bin/../lib/gcc/arm-none-eabi/7.3.1/thumb/v7e-m/fpv4-sp/hard\libgcc.a(_dvmd_tls.o)
 .ARM.attributes
                0x00000c35       0x22 c:/ac6/systemworkbench/plugins/fr.ac6.mcu.externaltools.arm-none.win32_1.17.0.201812190825/tools/compiler/bin/../lib/gcc/arm-none-eabi/7.3.1/thumb/v7e-m/fpv4-sp/hard/crtn.o
OUTPUT(ppm_test.elf elf32-littlearm)

.debug_info     0x00000000     0xc99c
 .debug_info    0x00000000      0x54b StdPeriph_Driver/src/misc.o
 .debug_info    0x0000054b      0x653 StdPeriph_Driver/src/stm32f4xx_dac.o
 .debug_info    0x00000b9e      0x62b StdPeriph_Driver/src/stm32f4xx_gpio.o
 .debug_info    0x000011c9      0xe67 StdPeriph_Driver/src/stm32f4xx_rcc.o
 .debug_info    0x00002030      0xb4d StdPeriph_Driver/src/stm32f4xx_spi.o
 .debug_info    0x00002b7d     0x1c73 StdPeriph_Driver/src/stm32f4xx_tim.o
 .debug_info    0x000047f0      0x9d4 StdPeriph_Driver/src/stm32f4xx_usart.o
 .debug_info    0x000051c4      0xd2c src/main.o
 .debug_info    0x00005ef0      0xf2e src/syscalls.o
 .debug_info    0x00006e1e      0x612 src/system_stm32f4xx.o
 .debug_info    0x00007430      0x58b src/tm_stm32f4_dac.o
 .debug_info    0x000079bb     0x124c src/tm_stm32f4_delay.o
 .debug_info    0x00008c07      0x87d src/tm_stm32f4_gpio.o
 .debug_info    0x00009484      0x893 src/tm_stm32f4_nrf24l01.o
 .debug_info    0x00009d17      0xb43 src/tm_stm32f4_pwm.o
 .debug_info    0x0000a85a      0xb59 src/tm_stm32f4_spi.o
 .debug_info    0x0000b3b3      0x64f src/tm_stm32f4_timer_properties.o
 .debug_info    0x0000ba02      0xf78 src/tm_stm32f4_usart.o
 .debug_info    0x0000c97a       0x22 startup/startup_stm32.o

.debug_abbrev   0x00000000     0x2157
 .debug_abbrev  0x00000000      0x177 StdPeriph_Driver/src/misc.o
 .debug_abbrev  0x00000177      0x196 StdPeriph_Driver/src/stm32f4xx_dac.o
 .debug_abbrev  0x0000030d      0x1bf StdPeriph_Driver/src/stm32f4xx_gpio.o
 .debug_abbrev  0x000004cc      0x1d4 StdPeriph_Driver/src/stm32f4xx_rcc.o
 .debug_abbrev  0x000006a0      0x17f StdPeriph_Driver/src/stm32f4xx_spi.o
 .debug_abbrev  0x0000081f      0x19f StdPeriph_Driver/src/stm32f4xx_tim.o
 .debug_abbrev  0x000009be      0x187 StdPeriph_Driver/src/stm32f4xx_usart.o
 .debug_abbrev  0x00000b45      0x23c src/main.o
 .debug_abbrev  0x00000d81      0x2aa src/syscalls.o
 .debug_abbrev  0x0000102b      0x15d src/system_stm32f4xx.o
 .debug_abbrev  0x00001188      0x133 src/tm_stm32f4_dac.o
 .debug_abbrev  0x000012bb      0x37d src/tm_stm32f4_delay.o
 .debug_abbrev  0x00001638      0x181 src/tm_stm32f4_gpio.o
 .debug_abbrev  0x000017b9      0x1fc src/tm_stm32f4_nrf24l01.o
 .debug_abbrev  0x000019b5      0x18f src/tm_stm32f4_pwm.o
 .debug_abbrev  0x00001b44      0x216 src/tm_stm32f4_spi.o
 .debug_abbrev  0x00001d5a      0x15c src/tm_stm32f4_timer_properties.o
 .debug_abbrev  0x00001eb6      0x28f src/tm_stm32f4_usart.o
 .debug_abbrev  0x00002145       0x12 startup/startup_stm32.o

.debug_aranges  0x00000000      0xe00
 .debug_aranges
                0x00000000       0x40 StdPeriph_Driver/src/misc.o
 .debug_aranges
                0x00000040       0xa0 StdPeriph_Driver/src/stm32f4xx_dac.o
 .debug_aranges
                0x000000e0       0x88 StdPeriph_Driver/src/stm32f4xx_gpio.o
 .debug_aranges
                0x00000168      0x1c0 StdPeriph_Driver/src/stm32f4xx_rcc.o
 .debug_aranges
                0x00000328       0xe0 StdPeriph_Driver/src/stm32f4xx_spi.o
 .debug_aranges
                0x00000408      0x2f8 StdPeriph_Driver/src/stm32f4xx_tim.o
 .debug_aranges
                0x00000700      0x100 StdPeriph_Driver/src/stm32f4xx_usart.o
 .debug_aranges
                0x00000800       0x60 src/main.o
 .debug_aranges
                0x00000860       0xb0 src/syscalls.o
 .debug_aranges
                0x00000910       0x30 src/system_stm32f4xx.o
 .debug_aranges
                0x00000940       0x28 src/tm_stm32f4_dac.o
 .debug_aranges
                0x00000968       0x80 src/tm_stm32f4_delay.o
 .debug_aranges
                0x000009e8       0x98 src/tm_stm32f4_gpio.o
 .debug_aranges
                0x00000a80       0xd8 src/tm_stm32f4_nrf24l01.o
 .debug_aranges
                0x00000b58       0xa0 src/tm_stm32f4_pwm.o
 .debug_aranges
                0x00000bf8       0xb0 src/tm_stm32f4_spi.o
 .debug_aranges
                0x00000ca8       0x38 src/tm_stm32f4_timer_properties.o
 .debug_aranges
                0x00000ce0       0xf8 src/tm_stm32f4_usart.o
 .debug_aranges
                0x00000dd8       0x28 startup/startup_stm32.o

.debug_ranges   0x00000000      0xcd8
 .debug_ranges  0x00000000       0x30 StdPeriph_Driver/src/misc.o
 .debug_ranges  0x00000030       0x90 StdPeriph_Driver/src/stm32f4xx_dac.o
 .debug_ranges  0x000000c0       0x78 StdPeriph_Driver/src/stm32f4xx_gpio.o
 .debug_ranges  0x00000138      0x1b0 StdPeriph_Driver/src/stm32f4xx_rcc.o
 .debug_ranges  0x000002e8       0xd0 StdPeriph_Driver/src/stm32f4xx_spi.o
 .debug_ranges  0x000003b8      0x2e8 StdPeriph_Driver/src/stm32f4xx_tim.o
 .debug_ranges  0x000006a0       0xf0 StdPeriph_Driver/src/stm32f4xx_usart.o
 .debug_ranges  0x00000790       0x50 src/main.o
 .debug_ranges  0x000007e0       0xa0 src/syscalls.o
 .debug_ranges  0x00000880       0x20 src/system_stm32f4xx.o
 .debug_ranges  0x000008a0       0x18 src/tm_stm32f4_dac.o
 .debug_ranges  0x000008b8       0x70 src/tm_stm32f4_delay.o
 .debug_ranges  0x00000928       0x88 src/tm_stm32f4_gpio.o
 .debug_ranges  0x000009b0       0xc8 src/tm_stm32f4_nrf24l01.o
 .debug_ranges  0x00000a78       0x90 src/tm_stm32f4_pwm.o
 .debug_ranges  0x00000b08       0xa0 src/tm_stm32f4_spi.o
 .debug_ranges  0x00000ba8       0x28 src/tm_stm32f4_timer_properties.o
 .debug_ranges  0x00000bd0       0xe8 src/tm_stm32f4_usart.o
 .debug_ranges  0x00000cb8       0x20 startup/startup_stm32.o

.debug_macro    0x00000000    0x13e34
 .debug_macro   0x00000000      0x1be StdPeriph_Driver/src/misc.o
 .debug_macro   0x000001be      0xa78 StdPeriph_Driver/src/misc.o
 .debug_macro   0x00000c36       0x6b StdPeriph_Driver/src/misc.o
 .debug_macro   0x00000ca1       0x3b StdPeriph_Driver/src/misc.o
 .debug_macro   0x00000cdc       0x22 StdPeriph_Driver/src/misc.o
 .debug_macro   0x00000cfe       0x8e StdPeriph_Driver/src/misc.o
 .debug_macro   0x00000d8c       0x51 StdPeriph_Driver/src/misc.o
 .debug_macro   0x00000ddd       0xef StdPeriph_Driver/src/misc.o
 .debug_macro   0x00000ecc       0x6a StdPeriph_Driver/src/misc.o
 .debug_macro   0x00000f36      0x1df StdPeriph_Driver/src/misc.o
 .debug_macro   0x00001115       0x34 StdPeriph_Driver/src/misc.o
 .debug_macro   0x00001149       0x26 StdPeriph_Driver/src/misc.o
 .debug_macro   0x0000116f      0xe43 StdPeriph_Driver/src/misc.o
 .debug_macro   0x00001fb2     0x91ad StdPeriph_Driver/src/misc.o
 .debug_macro   0x0000b15f      0x44f StdPeriph_Driver/src/misc.o
 .debug_macro   0x0000b5ae       0xb2 StdPeriph_Driver/src/misc.o
 .debug_macro   0x0000b660      0x477 StdPeriph_Driver/src/misc.o
 .debug_macro   0x0000bad7       0xb5 StdPeriph_Driver/src/misc.o
 .debug_macro   0x0000bb8c      0x41c StdPeriph_Driver/src/misc.o
 .debug_macro   0x0000bfa8      0x2fb StdPeriph_Driver/src/misc.o
 .debug_macro   0x0000c2a3      0x2ba StdPeriph_Driver/src/misc.o
 .debug_macro   0x0000c55d       0x64 StdPeriph_Driver/src/misc.o
 .debug_macro   0x0000c5c1       0xee StdPeriph_Driver/src/misc.o
 .debug_macro   0x0000c6af      0x65f StdPeriph_Driver/src/misc.o
 .debug_macro   0x0000cd0e      0x59e StdPeriph_Driver/src/misc.o
 .debug_macro   0x0000d2ac      0x342 StdPeriph_Driver/src/misc.o
 .debug_macro   0x0000d5ee      0x36c StdPeriph_Driver/src/misc.o
 .debug_macro   0x0000d95a      0x114 StdPeriph_Driver/src/misc.o
 .debug_macro   0x0000da6e      0x73b StdPeriph_Driver/src/misc.o
 .debug_macro   0x0000e1a9      0x223 StdPeriph_Driver/src/misc.o
 .debug_macro   0x0000e3cc       0x34 StdPeriph_Driver/src/misc.o
 .debug_macro   0x0000e400      0x144 StdPeriph_Driver/src/misc.o
 .debug_macro   0x0000e544       0xc3 StdPeriph_Driver/src/misc.o
 .debug_macro   0x0000e607       0x40 StdPeriph_Driver/src/misc.o
 .debug_macro   0x0000e647      0x3cf StdPeriph_Driver/src/misc.o
 .debug_macro   0x0000ea16      0x188 StdPeriph_Driver/src/misc.o
 .debug_macro   0x0000eb9e      0x149 StdPeriph_Driver/src/misc.o
 .debug_macro   0x0000ece7       0x35 StdPeriph_Driver/src/misc.o
 .debug_macro   0x0000ed1c       0x7c StdPeriph_Driver/src/misc.o
 .debug_macro   0x0000ed98      0x1ef StdPeriph_Driver/src/stm32f4xx_dac.o
 .debug_macro   0x0000ef87      0x182 StdPeriph_Driver/src/stm32f4xx_dac.o
 .debug_macro   0x0000f109      0x1bc StdPeriph_Driver/src/stm32f4xx_gpio.o
 .debug_macro   0x0000f2c5      0x2f5 StdPeriph_Driver/src/stm32f4xx_gpio.o
 .debug_macro   0x0000f5ba      0x28b StdPeriph_Driver/src/stm32f4xx_rcc.o
 .debug_macro   0x0000f845      0x1e8 StdPeriph_Driver/src/stm32f4xx_spi.o
 .debug_macro   0x0000fa2d      0x366 StdPeriph_Driver/src/stm32f4xx_spi.o
 .debug_macro   0x0000fd93      0x1e6 StdPeriph_Driver/src/stm32f4xx_tim.o
 .debug_macro   0x0000ff79      0x735 StdPeriph_Driver/src/stm32f4xx_tim.o
 .debug_macro   0x000106ae      0x1d4 StdPeriph_Driver/src/stm32f4xx_usart.o
 .debug_macro   0x00010882      0x21d StdPeriph_Driver/src/stm32f4xx_usart.o
 .debug_macro   0x00010a9f      0x24b src/main.o
 .debug_macro   0x00010cea       0x10 src/main.o
 .debug_macro   0x00010cfa       0x16 src/main.o
 .debug_macro   0x00010d10       0xa9 src/main.o
 .debug_macro   0x00010db9      0x11c src/main.o
 .debug_macro   0x00010ed5       0x6d src/main.o
 .debug_macro   0x00010f42      0x1a1 src/main.o
 .debug_macro   0x000110e3      0x243 src/syscalls.o
 .debug_macro   0x00011326       0x58 src/syscalls.o
 .debug_macro   0x0001137e       0x18 src/syscalls.o
 .debug_macro   0x00011396       0x94 src/syscalls.o
 .debug_macro   0x0001142a       0x35 src/syscalls.o
 .debug_macro   0x0001145f       0x34 src/syscalls.o
 .debug_macro   0x00011493       0x57 src/syscalls.o
 .debug_macro   0x000114ea      0x174 src/syscalls.o
 .debug_macro   0x0001165e      0x330 src/syscalls.o
 .debug_macro   0x0001198e       0x58 src/syscalls.o
 .debug_macro   0x000119e6       0x1f src/syscalls.o
 .debug_macro   0x00011a05       0x43 src/syscalls.o
 .debug_macro   0x00011a48       0x20 src/syscalls.o
 .debug_macro   0x00011a68      0x18e src/syscalls.o
 .debug_macro   0x00011bf6       0x10 src/syscalls.o
 .debug_macro   0x00011c06       0x35 src/syscalls.o
 .debug_macro   0x00011c3b       0x10 src/syscalls.o
 .debug_macro   0x00011c4b       0x10 src/syscalls.o
 .debug_macro   0x00011c5b       0x10 src/syscalls.o
 .debug_macro   0x00011c6b       0x1c src/syscalls.o
 .debug_macro   0x00011c87       0x52 src/syscalls.o
 .debug_macro   0x00011cd9       0x40 src/syscalls.o
 .debug_macro   0x00011d19       0x10 src/syscalls.o
 .debug_macro   0x00011d29       0x40 src/syscalls.o
 .debug_macro   0x00011d69       0xd7 src/syscalls.o
 .debug_macro   0x00011e40       0x1c src/syscalls.o
 .debug_macro   0x00011e5c       0x3d src/syscalls.o
 .debug_macro   0x00011e99       0x35 src/syscalls.o
 .debug_macro   0x00011ece      0x122 src/syscalls.o
 .debug_macro   0x00011ff0       0x16 src/syscalls.o
 .debug_macro   0x00012006       0x16 src/syscalls.o
 .debug_macro   0x0001201c       0x29 src/syscalls.o
 .debug_macro   0x00012045       0x10 src/syscalls.o
 .debug_macro   0x00012055      0x241 src/syscalls.o
 .debug_macro   0x00012296       0x1c src/syscalls.o
 .debug_macro   0x000122b2       0x10 src/syscalls.o
 .debug_macro   0x000122c2       0x10 src/syscalls.o
 .debug_macro   0x000122d2       0x16 src/syscalls.o
 .debug_macro   0x000122e8      0x16f src/syscalls.o
 .debug_macro   0x00012457      0x189 src/syscalls.o
 .debug_macro   0x000125e0       0x16 src/syscalls.o
 .debug_macro   0x000125f6       0x88 src/syscalls.o
 .debug_macro   0x0001267e      0x1d2 src/system_stm32f4xx.o
 .debug_macro   0x00012850      0x1d8 src/tm_stm32f4_dac.o
 .debug_macro   0x00012a28      0x29c src/tm_stm32f4_delay.o
 .debug_macro   0x00012cc4       0x5e src/tm_stm32f4_delay.o
 .debug_macro   0x00012d22      0x10e src/tm_stm32f4_delay.o
 .debug_macro   0x00012e30       0x8d src/tm_stm32f4_delay.o
 .debug_macro   0x00012ebd       0x35 src/tm_stm32f4_delay.o
 .debug_macro   0x00012ef2      0x1ca src/tm_stm32f4_gpio.o
 .debug_macro   0x000130bc      0x540 src/tm_stm32f4_nrf24l01.o
 .debug_macro   0x000135fc       0xaf src/tm_stm32f4_nrf24l01.o
 .debug_macro   0x000136ab      0x1e0 src/tm_stm32f4_pwm.o
 .debug_macro   0x0001388b      0x1eb src/tm_stm32f4_spi.o
 .debug_macro   0x00013a76      0x1c9 src/tm_stm32f4_timer_properties.o
 .debug_macro   0x00013c3f      0x1f5 src/tm_stm32f4_usart.o

.debug_line     0x00000000     0x955f
 .debug_line    0x00000000      0x633 StdPeriph_Driver/src/misc.o
 .debug_line    0x00000633      0x73c StdPeriph_Driver/src/stm32f4xx_dac.o
 .debug_line    0x00000d6f      0x759 StdPeriph_Driver/src/stm32f4xx_gpio.o
 .debug_line    0x000014c8      0xa4d StdPeriph_Driver/src/stm32f4xx_rcc.o
 .debug_line    0x00001f15      0x85e StdPeriph_Driver/src/stm32f4xx_spi.o
 .debug_line    0x00002773      0xeab StdPeriph_Driver/src/stm32f4xx_tim.o
 .debug_line    0x0000361e      0x89f StdPeriph_Driver/src/stm32f4xx_usart.o
 .debug_line    0x00003ebd      0x808 src/main.o
 .debug_line    0x000046c5      0x5df src/syscalls.o
 .debug_line    0x00004ca4      0x64e src/system_stm32f4xx.o
 .debug_line    0x000052f2      0x64d src/tm_stm32f4_dac.o
 .debug_line    0x0000593f      0x84a src/tm_stm32f4_delay.o
 .debug_line    0x00006189      0x7d5 src/tm_stm32f4_gpio.o
 .debug_line    0x0000695e      0x8d8 src/tm_stm32f4_nrf24l01.o
 .debug_line    0x00007236      0x94b src/tm_stm32f4_pwm.o
 .debug_line    0x00007b81      0x936 src/tm_stm32f4_spi.o
 .debug_line    0x000084b7      0x6e9 src/tm_stm32f4_timer_properties.o
 .debug_line    0x00008ba0      0x943 src/tm_stm32f4_usart.o
 .debug_line    0x000094e3       0x7c startup/startup_stm32.o

.debug_str      0x00000000    0x6a80c
 .debug_str     0x00000000    0x5ea50 StdPeriph_Driver/src/misc.o
                              0x5ebf2 (size before relaxing)
 .debug_str     0x0005ea50      0x38f StdPeriph_Driver/src/stm32f4xx_dac.o
                              0x5ed56 (size before relaxing)
 .debug_str     0x0005eddf      0x22f StdPeriph_Driver/src/stm32f4xx_gpio.o
                              0x5ec9a (size before relaxing)
 .debug_str     0x0005f00e      0xd6c StdPeriph_Driver/src/stm32f4xx_rcc.o
                              0x5f7a7 (size before relaxing)
 .debug_str     0x0005fd7a      0x3ba StdPeriph_Driver/src/stm32f4xx_spi.o
                              0x5ef83 (size before relaxing)
 .debug_str     0x00060134      0xc1b StdPeriph_Driver/src/stm32f4xx_tim.o
                              0x5f691 (size before relaxing)
 .debug_str     0x00060d4f      0x528 StdPeriph_Driver/src/stm32f4xx_usart.o
                              0x5efad (size before relaxing)
 .debug_str     0x00061277     0x1f67 src/main.o
                              0x60cbd (size before relaxing)
 .debug_str     0x000631de     0x51e7 src/syscalls.o
                               0x85b5 (size before relaxing)
 .debug_str     0x000683c5       0xc6 src/system_stm32f4xx.o
                              0x5ebec (size before relaxing)
 .debug_str     0x0006848b      0x130 src/tm_stm32f4_dac.o
                              0x5f1a8 (size before relaxing)
 .debug_str     0x000685bb      0x2e4 src/tm_stm32f4_delay.o
                              0x62235 (size before relaxing)
 .debug_str     0x0006889f      0x1b9 src/tm_stm32f4_gpio.o
                              0x5f274 (size before relaxing)
 .debug_str     0x00068a58     0x12b2 src/tm_stm32f4_nrf24l01.o
                              0x60c82 (size before relaxing)
 .debug_str     0x00069d0a      0x2e0 src/tm_stm32f4_pwm.o
                              0x5f51e (size before relaxing)
 .debug_str     0x00069fea      0x272 src/tm_stm32f4_spi.o
                              0x5fa25 (size before relaxing)
 .debug_str     0x0006a25c      0x1b8 src/tm_stm32f4_timer_properties.o
                              0x5edd3 (size before relaxing)
 .debug_str     0x0006a414      0x3cf src/tm_stm32f4_usart.o
                              0x604b8 (size before relaxing)
 .debug_str     0x0006a7e3       0x29 startup/startup_stm32.o
                                 0x55 (size before relaxing)

.comment        0x00000000       0x7f
 .comment       0x00000000       0x7f StdPeriph_Driver/src/misc.o
                                 0x80 (size before relaxing)
 .comment       0x0000007f       0x80 StdPeriph_Driver/src/stm32f4xx_dac.o
 .comment       0x0000007f       0x80 StdPeriph_Driver/src/stm32f4xx_gpio.o
 .comment       0x0000007f       0x80 StdPeriph_Driver/src/stm32f4xx_rcc.o
 .comment       0x0000007f       0x80 StdPeriph_Driver/src/stm32f4xx_spi.o
 .comment       0x0000007f       0x80 StdPeriph_Driver/src/stm32f4xx_tim.o
 .comment       0x0000007f       0x80 StdPeriph_Driver/src/stm32f4xx_usart.o
 .comment       0x0000007f       0x80 src/main.o
 .comment       0x0000007f       0x80 src/syscalls.o
 .comment       0x0000007f       0x80 src/system_stm32f4xx.o
 .comment       0x0000007f       0x80 src/tm_stm32f4_dac.o
 .comment       0x0000007f       0x80 src/tm_stm32f4_delay.o
 .comment       0x0000007f       0x80 src/tm_stm32f4_gpio.o
 .comment       0x0000007f       0x80 src/tm_stm32f4_nrf24l01.o
 .comment       0x0000007f       0x80 src/tm_stm32f4_pwm.o
 .comment       0x0000007f       0x80 src/tm_stm32f4_spi.o
 .comment       0x0000007f       0x80 src/tm_stm32f4_timer_properties.o
 .comment       0x0000007f       0x80 src/tm_stm32f4_usart.o

.debug_frame    0x00000000     0x4858
 .debug_frame   0x00000000       0xd8 StdPeriph_Driver/src/misc.o
 .debug_frame   0x000000d8      0x2ac StdPeriph_Driver/src/stm32f4xx_dac.o
 .debug_frame   0x00000384      0x23c StdPeriph_Driver/src/stm32f4xx_gpio.o
 .debug_frame   0x000005c0      0x83c StdPeriph_Driver/src/stm32f4xx_rcc.o
 .debug_frame   0x00000dfc      0x3f4 StdPeriph_Driver/src/stm32f4xx_spi.o
 .debug_frame   0x000011f0      0xe54 StdPeriph_Driver/src/stm32f4xx_tim.o
 .debug_frame   0x00002044      0x490 StdPeriph_Driver/src/stm32f4xx_usart.o
 .debug_frame   0x000024d4      0x13c src/main.o
 .debug_frame   0x00002610      0x2d0 src/syscalls.o
 .debug_frame   0x000028e0       0x7c src/system_stm32f4xx.o
 .debug_frame   0x0000295c       0x5c src/tm_stm32f4_dac.o
 .debug_frame   0x000029b8      0x1ec src/tm_stm32f4_delay.o